// Jest Snapshot v1, https://goo.gl/fbAQLP

exports[`pedersen pedersen hash buffer 1`] = `
{
  "data": [
    43,
    213,
    196,
    82,
    160,
    201,
    113,
    98,
    41,
    79,
    201,
    223,
    208,
    241,
    224,
    157,
    14,
    9,
    201,
    95,
    165,
    237,
    63,
    241,
    73,
    251,
    222,
    243,
    102,
    203,
    81,
    249,
  ],
  "type": "Buffer",
}
`;
