// Jest Snapshot v1, https://jestjs.io/docs/snapshot-testing

exports[`packs retrieved note 1`] = `
[
  "0x0000000000000000000000000000000000000000000000000000000000000003",
  "0x0000000000000000000000000000000000000000000000000000000000000004",
  "0x0000000000000000000000000000000000000000000000000000000000000001",
  "0x0000000000000000000000000000000000000000000000000000000000000002",
  "0x0000000000000000000000000000000000000000000000000000000000000002",
]
`;
