// Jest Snapshot v1, https://goo.gl/fbAQLP

exports[`ðŸ”‘ Address from partial matches Noir 1`] = `"0x23ce9be3fa3c846b0f9245cc796902e731d04f086e8a42473bb29e405fc98075"`;
