// Jest Snapshot v1, https://jestjs.io/docs/snapshot-testing

exports[`BlockHeader computes empty hash 1`] = `Fr<0x2c920b5fcfe68d413eab3e0022eb918d64d62ca44d195d5c32b8b9c68bff2dfe>`;

exports[`BlockHeader computes hash 1`] = `Fr<0x29cfd0e4f70c6d3a59f0934f1afc67d349fad471f5927af754a32ed1219bab36>`;
