// Jest Snapshot v1, https://goo.gl/fbAQLP

exports[`TxRequest compute hash 1`] = `"0x2d265ee0e3b9d206873a66527485afa3c6ebbfbaf451811666c9558a9f6e3d46"`;
