// Jest Snapshot v1, https://jestjs.io/docs/snapshot-testing

exports[`CheckpointHeader computes empty hash 1`] = `Fr<0x00d72511e843bf5a2e44e8bd1da20c2626311d1d6679424f717807a1db731d62>`;

exports[`CheckpointHeader computes hash 1`] = `Fr<0x00869af74349f973964fb3bdc013c66a704cc775b54dfd425b4374f03446f881>`;
