// Jest Snapshot v1, https://goo.gl/fbAQLP

exports[`PrivateCallStackItem computes hash 1`] = `
Fr {
  "asBigInt": 18753511695134949302571620808052147141303876532454748772518515365970855750244n,
  "asBuffer": {
    "data": [
      41,
      118,
      28,
      137,
      68,
      13,
      118,
      183,
      92,
      239,
      142,
      84,
      234,
      235,
      13,
      55,
      245,
      66,
      184,
      218,
      252,
      190,
      14,
      252,
      58,
      237,
      34,
      161,
      161,
      6,
      106,
      100,
    ],
    "type": "Buffer",
  },
}
`;
