// Jest Snapshot v1, https://goo.gl/fbAQLP

exports[`ContractDeploymentData computes empty hash 1`] = `
Fr {
  "asBigInt": 6550888889575534006716962010714219565950255479539883359305705974567832585221n,
  "asBuffer": {
    "data": [
      14,
      123,
      171,
      245,
      157,
      232,
      223,
      199,
      245,
      153,
      44,
      211,
      79,
      176,
      6,
      97,
      5,
      208,
      124,
      230,
      127,
      104,
      252,
      51,
      212,
      160,
      166,
      169,
      51,
      163,
      4,
      5,
    ],
    "type": "Buffer",
  },
}
`;
