// Jest Snapshot v1, https://goo.gl/fbAQLP

exports[`basic FunctionLeafPreimage serialization serializes a trivial Function Leaf Preimage and prints it 1`] = `
"selector:
value: 8972

is_internal: 0
is_private: 1
vk_hash: 0x0
acir_hash: 0x0
"
`;
