// Jest Snapshot v1, https://goo.gl/fbAQLP

exports[`basic FunctionData serialization serializes a trivial FunctionData and prints it 1`] = `
"selector:
value: 123

is_internal: 0
is_private: 1
is_constructor: 1
"
`;
