// Jest Snapshot v1, https://goo.gl/fbAQLP

exports[`Header computes empty hash 1`] = `
Fr {
  "asBigInt": 20794359902049712309840803989537372971066838126069955186305683313093334375790n,
  "asBuffer": {
    "data": [
      45,
      249,
      48,
      204,
      123,
      159,
      199,
      99,
      232,
      42,
      222,
      114,
      247,
      196,
      97,
      136,
      52,
      105,
      43,
      42,
      61,
      9,
      54,
      175,
      248,
      215,
      187,
      251,
      39,
      245,
      157,
      110,
    ],
    "type": "Buffer",
  },
}
`;

exports[`Header computes hash 1`] = `
Fr {
  "asBigInt": 17965313985247589544372198735324565090920557482351371957268170919526618141863n,
  "asBuffer": {
    "data": [
      39,
      184,
      1,
      227,
      84,
      195,
      178,
      90,
      6,
      248,
      237,
      161,
      177,
      253,
      166,
      87,
      161,
      67,
      151,
      185,
      244,
      147,
      251,
      142,
      40,
      36,
      177,
      92,
      201,
      16,
      148,
      167,
    ],
    "type": "Buffer",
  },
}
`;
