// Jest Snapshot v1, https://goo.gl/fbAQLP

exports[`basic PrivateCircuitPublicInputs serialization serializes a trivial PrivateCircuitPublicInputs and prints it 1`] = `
"call_context:
msg_sender: 0x1
storage_contract_address: 0x2
portal_contract_address: 0x3
is_delegate_call: 1
is_static_call: 1
is_contract_deployment: 1

args_hash: 0x100
return_values: [ 0x200 0x201 0x202 0x203 ]
read_requests: [ 0x300 0x301 0x302 0x303 0x304 0x305 0x306 0x307 0x308 0x309 0x30a 0x30b 0x30c 0x30d 0x30e 0x30f 0x310 0x311 0x312 0x313 0x314 0x315 0x316 0x317 0x318 0x319 0x31a 0x31b 0x31c 0x31d 0x31e 0x31f ]
new_commitments: [ 0x400 0x401 0x402 0x403 0x404 0x405 0x406 0x407 0x408 0x409 0x40a 0x40b 0x40c 0x40d 0x40e 0x40f ]
new_nullifiers: [ 0x500 0x501 0x502 0x503 0x504 0x505 0x506 0x507 0x508 0x509 0x50a 0x50b 0x50c 0x50d 0x50e 0x50f ]
nullified_commitments: [ 0x510 0x511 0x512 0x513 0x514 0x515 0x516 0x517 0x518 0x519 0x51a 0x51b 0x51c 0x51d 0x51e 0x51f ]
private_call_stack: [ 0x600 0x601 0x602 0x603 ]
public_call_stack: [ 0x700 0x701 0x702 0x703 ]
new_l2_to_l1_msgs: [ 0x800 0x801 ]
encrypted_logs_hash: [ 0x900 0x901 ]
unencrypted_logs_hash: [ 0xa00 0xa01 ]
encrypted_log_preimages_length: 0xb00
unencrypted_log_preimages_length: 0xc00
historic_block_data: private_data_tree_root: 0xd00
nullifier_tree_root: 0xd01
contract_tree_root: 0xd02
l1_to_l2_messages_tree_root: 0xd03
blocks_tree_root: 0xd04
private_kernel_vk_tree_root: 0xd05
public_data_tree_root: 0xd06
global_variables_hash: 0xd07

contract_deployment_data: deployer_public_key:
x: 0xe00
y: 0xe01

constructor_vk_hash: 0xe01
function_tree_root: 0xe02
contract_address_salt: 0xe03
portal_contract_address: 0x404040404040404040404040404040404040404

chain_id: 0x1400
version: 0x1500
"
`;
