// Jest Snapshot v1, https://goo.gl/fbAQLP

exports[`PrivateCallStackItem computes empty item hash 1`] = `
Fr {
  "asBigInt": 3203485447791239934114288301818827303172706148767225207074779624230959822389n,
  "asBuffer": {
    "data": [
      7,
      21,
      27,
      199,
      68,
      14,
      176,
      177,
      196,
      198,
      26,
      11,
      207,
      172,
      202,
      130,
      207,
      42,
      237,
      64,
      44,
      32,
      211,
      116,
      37,
      87,
      23,
      159,
      127,
      237,
      182,
      53,
    ],
    "type": "Buffer",
  },
}
`;

exports[`PrivateCallStackItem computes hash 1`] = `
Fr {
  "asBigInt": 19520755359745729990898807497202224879281656008242555374727476866221326621394n,
  "asBuffer": {
    "data": [
      43,
      40,
      91,
      34,
      118,
      222,
      136,
      132,
      51,
      136,
      163,
      211,
      132,
      203,
      127,
      229,
      225,
      28,
      122,
      184,
      120,
      133,
      89,
      26,
      226,
      241,
      118,
      82,
      53,
      74,
      90,
      210,
    ],
    "type": "Buffer",
  },
}
`;
