// Jest Snapshot v1, https://goo.gl/fbAQLP

exports[`structs/root_rollup serializes a RootRollupInput and prints it 1`] = `
"previous_rollup_data: [ base_or_merge_rollup_public_inputs: rollup_type:
0
rollup_subtree_height:
0x100
end_aggregation_object:
P0: { 0x200, 0x201 }
P1: { 0x300, 0x301 }
public_inputs: [
 0x202
 0x203
 0x204
 0x205
]
proof_witness_indices: [ 206 207 208 209 20a 20b ]
has_data: 0

constants:
start_tree_of_historic_private_data_tree_roots_snapshot:
 root: 0x300
next_available_leaf_index: 300

start_tree_of_historic_contract_tree_roots_snapshot:
root: 0x400
next_available_leaf_index: 400

tree_of_historic_l1_to_l2_msg_tree_roots_snapshot:
root: 0x500
next_available_leaf_index: 500

private_kernel_vk_tree_root: 0x601
public_kernel_vk_tree_root: 0x602
base_rollup_vk_hash: 0x603
merge_rollup_vk_hash: 0x604

start_private_data_tree_snapshot:
root: 0x400
next_available_leaf_index: 400

end_private_data_tree_snapshot:
root: 0x400
next_available_leaf_index: 400

start_nullifier_tree_snapshot:
root: 0x600
next_available_leaf_index: 600

end_nullifier_tree_snapshots:
root: 0x700
next_available_leaf_index: 700

start_contract_tree_snapshot:
root: 0x800
next_available_leaf_index: 800

end_contract_tree_snapshot:
root: 0x900
next_available_leaf_index: 900

calldata_hash: [ 0x1001 0x1002 ]

proof: [ 50 50 50 50 50 50 50 50 50 50 50 50 50 50 50 50 ]
vk: 0x12b300
vk_index: 110
vk_sibling_path: leaf_index: 120
sibling_path: [ 0x120 0x121 0x122 0x123 0x124 0x125 0x126 0x127 ]

 base_or_merge_rollup_public_inputs: rollup_type:
0
rollup_subtree_height:
0x1100
end_aggregation_object:
P0: { 0x1200, 0x1201 }
P1: { 0x1300, 0x1301 }
public_inputs: [
 0x1202
 0x1203
 0x1204
 0x1205
]
proof_witness_indices: [ 1206 1207 1208 1209 120a 120b ]
has_data: 0

constants:
start_tree_of_historic_private_data_tree_roots_snapshot:
 root: 0x1300
next_available_leaf_index: 1300

start_tree_of_historic_contract_tree_roots_snapshot:
root: 0x1400
next_available_leaf_index: 1400

tree_of_historic_l1_to_l2_msg_tree_roots_snapshot:
root: 0x1500
next_available_leaf_index: 1500

private_kernel_vk_tree_root: 0x1601
public_kernel_vk_tree_root: 0x1602
base_rollup_vk_hash: 0x1603
merge_rollup_vk_hash: 0x1604

start_private_data_tree_snapshot:
root: 0x1400
next_available_leaf_index: 1400

end_private_data_tree_snapshot:
root: 0x1400
next_available_leaf_index: 1400

start_nullifier_tree_snapshot:
root: 0x1600
next_available_leaf_index: 1600

end_nullifier_tree_snapshots:
root: 0x1700
next_available_leaf_index: 1700

start_contract_tree_snapshot:
root: 0x1800
next_available_leaf_index: 1800

end_contract_tree_snapshot:
root: 0x1900
next_available_leaf_index: 1900

calldata_hash: [ 0x2001 0x2002 ]

proof: [ 50 50 50 50 50 50 50 50 50 50 50 50 50 50 50 50 ]
vk: 0x133e40
vk_index: 1110
vk_sibling_path: leaf_index: 1120
sibling_path: [ 0x1120 0x1121 0x1122 0x1123 0x1124 0x1125 0x1126 0x1127 ]

 ]
new_historic_private_data_tree_roots: [ 0x2000 0x2001 0x2002 0x2003 0x2004 0x2005 0x2006 0x2007 ]
new_historic_contract_tree_roots: [ 0x2100 0x2101 0x2102 0x2103 0x2104 0x2105 0x2106 0x2107 ]
"
`;

exports[`structs/root_rollup serializes a RootRollupPublicInputs and prints it 1`] = `
"end_aggregation_object: P0: { 0x1100, 0x1101 }
P1: { 0x1200, 0x1201 }
public_inputs: [
 0x1102
 0x1103
 0x1104
 0x1105
]
proof_witness_indices: [ 4358 4359 4360 4361 4362 4363 ]
has_data: 0

start_private_data_tree_snapshot: root: 0x300
next_available_leaf_index: 768

end_private_data_tree_snapshot: root: 0x800
next_available_leaf_index: 2048

start_nullifier_tree_snapshot: root: 0x200
next_available_leaf_index: 512

end_nullifier_tree_snapshot: root: 0x700
next_available_leaf_index: 1792

start_contract_tree_snapshot: root: 0x100
next_available_leaf_index: 256

end_contract_tree_snapshot: root: 0x600
next_available_leaf_index: 1536

start_tree_of_historic_private_data_tree_roots_snapshot: root: 0x500
next_available_leaf_index: 1280

end_tree_of_historic_private_data_tree_roots_snapshot: root: 0x1000
next_available_leaf_index: 4096

start_tree_of_historic_contract_tree_roots_snapshot: root: 0x400
next_available_leaf_index: 1024

end_tree_of_historic_contract_tree_roots_snapshot: root: 0x900
next_available_leaf_index: 2304

calldata_hash: [ 0x0 0x0 ]
"
`;
