// Jest Snapshot v1, https://goo.gl/fbAQLP

exports[`structs/tx serializes and prints object 1`] = `
"is_fee_payment_tx: 0
is_rebate_payment_tx: 0
is_contract_deployment_tx: 1
contract_deployment_data: deployer_public_key:
x: 0x1
y: 0x2

constructor_vk_hash: 0x2
function_tree_root: 0x3
contract_address_salt: 0x4
portal_contract_address: 0x505050505050505050505050505050505050505

chain_id: 0x0
version: 0x0
"
`;
