// Jest Snapshot v1, https://goo.gl/fbAQLP

exports[`pedersen pedersen hash buffer 1`] = `Buffer<0x2bd5c452a0c97162294fc9dfd0f1e09d0e09c95fa5ed3ff149fbdef366cb51f9>`;
