// Jest Snapshot v1, https://goo.gl/fbAQLP

exports[`NewContractData computes contract leaf 1`] = `
Fr {
  "asBigInt": 1205669559362216690501113071754010899122564402260118295790326203728712063609n,
  "asBuffer": {
    "data": [
      2,
      170,
      98,
      129,
      115,
      236,
      158,
      132,
      183,
      0,
      14,
      176,
      170,
      124,
      64,
      104,
      64,
      24,
      101,
      95,
      230,
      204,
      70,
      89,
      105,
      38,
      142,
      94,
      141,
      66,
      90,
      121,
    ],
    "type": "Buffer",
  },
}
`;

exports[`NewContractData hash matches 1`] = `
Fr {
  "asBigInt": 15989124907542145791377884953407893320840303158499919884975910897341668572939n,
  "asBuffer": {
    "data": [
      35,
      89,
      134,
      36,
      130,
      251,
      88,
      207,
      90,
      93,
      218,
      181,
      110,
      182,
      212,
      153,
      8,
      188,
      129,
      19,
      83,
      243,
      253,
      111,
      233,
      253,
      5,
      124,
      82,
      92,
      191,
      11,
    ],
    "type": "Buffer",
  },
}
`;
