// Jest Snapshot v1, https://goo.gl/fbAQLP

exports[`structs/kernel serializes and prints previous_kernel_data 1`] = `
"public_inputs: end:
aggregation_object:
P0: { 0x1, 0x2 }
P1: { 0x101, 0x102 }
public_inputs:
[
 0x3
 0x4
 0x5
 0x6
]
proof_witness_indices:
[ 7 8 9 10 11 12 ]
has_data: 0

private_call_count: 0xd
new_commitments:
[ 0x101 0x102 0x103 0x104 0x105 0x106 0x107 0x108 0x109 0x10a 0x10b 0x10c 0x10d 0x10e 0x10f 0x110 ]
new_nullifiers:
[ 0x201 0x202 0x203 0x204 0x205 0x206 0x207 0x208 0x209 0x20a 0x20b 0x20c 0x20d 0x20e 0x20f 0x210 ]
private_call_stack:
[ 0x301 0x302 0x303 0x304 0x305 0x306 0x307 0x308 ]
public_call_stack:
[ 0x401 0x402 0x403 0x404 0x405 0x406 0x407 0x408 ]
l1_msg_stack:
[ 0x501 0x502 0x503 0x504 ]
new_contracts:
[ contract_address: 0x601
portal_contract_address: 0x202020202020202020202020202020202020202
function_tree_root: 0x603
 contract_address: 0x602
portal_contract_address: 0x303030303030303030303030303030303030303
function_tree_root: 0x604
 contract_address: 0x603
portal_contract_address: 0x404040404040404040404040404040404040404
function_tree_root: 0x605
 contract_address: 0x604
portal_contract_address: 0x505050505050505050505050505050505050505
function_tree_root: 0x606
 contract_address: 0x605
portal_contract_address: 0x606060606060606060606060606060606060606
function_tree_root: 0x607
 contract_address: 0x606
portal_contract_address: 0x707070707070707070707070707070707070707
function_tree_root: 0x608
 contract_address: 0x607
portal_contract_address: 0x808080808080808080808080808080808080808
function_tree_root: 0x609
 contract_address: 0x608
portal_contract_address: 0x909090909090909090909090909090909090909
function_tree_root: 0x60a
 ]
optionally_revealed_data:
[ call_stack_item_hash: 0x701
function_data:
function_selector: 702
is_private: 1
is_constructor: 1

emitted_events:
[ 0x801 0x802 0x803 0x804 ]
vk_hash: 0x703
portal_contract_address: 0x404040404040404040404040404040404040404
pay_fee_from_l1: 1
pay_fee_from_public_l2: 0
called_from_l1: 1
called_from_public_l2: 0
 call_stack_item_hash: 0x702
function_data:
function_selector: 703
is_private: 1
is_constructor: 1

emitted_events:
[ 0x802 0x803 0x804 0x805 ]
vk_hash: 0x704
portal_contract_address: 0x505050505050505050505050505050505050505
pay_fee_from_l1: 1
pay_fee_from_public_l2: 0
called_from_l1: 1
called_from_public_l2: 0
 call_stack_item_hash: 0x703
function_data:
function_selector: 704
is_private: 1
is_constructor: 1

emitted_events:
[ 0x803 0x804 0x805 0x806 ]
vk_hash: 0x705
portal_contract_address: 0x606060606060606060606060606060606060606
pay_fee_from_l1: 1
pay_fee_from_public_l2: 0
called_from_l1: 1
called_from_public_l2: 0
 call_stack_item_hash: 0x704
function_data:
function_selector: 705
is_private: 1
is_constructor: 1

emitted_events:
[ 0x804 0x805 0x806 0x807 ]
vk_hash: 0x706
portal_contract_address: 0x707070707070707070707070707070707070707
pay_fee_from_l1: 1
pay_fee_from_public_l2: 0
called_from_l1: 1
called_from_public_l2: 0
 ]

constants:
old_tree_roots: private_data_tree_root: 0x101
nullifier_tree_root: 0x102
contract_tree_root: 0x103
private_kernel_vk_tree_root: 0x104

tx_context: is_fee_payment_tx: 0
is_rebate_payment_tx: 0
is_contract_deployment_tx: 1
contract_deployment_data: 
constructor_vk_hash: 0x105
function_tree_root: 0x106
contract_address_salt: 0x107
portal_contract_address: 0x808080808080808080808080808080808080808


is_private: 1

proof: [ 81 81 81 81 81 81 81 81 81 81 81 81 81 81 81 81 ]
vk: composer_type: 0
circuit_size: 101
num_public_inputs: 102
commitments: [
 A: { 0x200, 0x300 }
]
contains_recursive_proof: 1
recursive_proof_public_input_indices: [ 400 401 402 403 404 ]

vk_index: 66
vk_path: [ 0x1000 0x1001 0x1002 ]
"
`;
