// Jest Snapshot v1, https://goo.gl/fbAQLP

exports[`FunctionSelector computes a function selector from signature 1`] = `
FunctionSelector {
  "value": 2835717307,
}
`;
