// Jest Snapshot v1, https://goo.gl/fbAQLP

exports[`ContractClassRegisteredEvent parses an event as emitted by the ContractClassRegisterer 1`] = `
ContractClassRegisteredEvent {
  "artifactHash": Fr<0x103db9d8abd8d61dc45f40f7d8a6910a366ae9b0f2bc289e5384688ba20dce27>,
  "contractClassId": Fr<0x0321fc89f3f6ce9730f5d48bbeacfb28f611f6a97e62fb4fd492dfbaf93b46e8>,
  "packedPublicBytecode": Buffer<0x2600020401270000010480672600000403260202040126020304001f180003000280662d0880660001240000004524000002022702000104806726020204003a0d00010002270080430400052a00804400000000000000000100000000000000002b00804500000000000000000000000000000000010000000000000000000000000000000028008046046a09e6672800804704bb67ae8528008048043c6ef3722800804904a54ff53a2800804a04510e527f2800804b049b05688c2800804c041f83d9ab2800804d045be0cd192d000001804e2700804f04000901000001804f00012701804e0400010100804e0002804f2d00804f80502d028046805001008050000280502d028047805001008050000280502d028048805001008050000280502d028049805001008050000280502d02804a805001008050000280502d02804b805001008050000280502d02804c805001008050000280502d02804d80502700804f04004027008050040004270080510400382700805204000e270080530400032700805404010027008055010000270080560200002700805704000027008058000000270080590100012700805a0400012700805b0400022700805c0200042700805d0000062700805e0200082700805f04000827008060000008270080610000142700806200001b270080630200202700806404002027008065020080252400001fb228020002005189a4170a380102032602040400260206040300380406052c0801020010010501260302040100280202052c0e040500280502052c0e0405260205040300380205042c0d020400280402042c0e0402230200030000026822000002aa26020304042c08000400100003002400001fdb2c0400002c0d020300280302032c0e030200280202052c0d0504260206040200380506033a0d0003000422000002aa28020003007a81a21e0a38010304260203040623020004000002ca22000008062c08010526020604040010010601260305040100280502061f24805a805300062c0d050600280602062c0e06052c08010600000102012c0e05062c08010500000102012d0a8057000526020804092c0800092c0c060a2c0c050b2d08805d000c00100008002400001ffd2c0400002c0c0a07260209040a2c08000a2c0c060b2c0c050c2d08805d000d00100009002400001ffd2c0400002c0c0b0826020a040b2c08000b2c0c060c2c0c050d0010000a0024000020d52c0400002c0c0c090028090206012800068057000a2c0d0a051c0c0506002b02000900000000000000000000000000ffffffffffffffffffffffffffffffffffffffff0e3806090a2302000a000003d5240000214e2c08010626020904030010010901260306040100280602092c0c090a2c0e070a00280a020a2c0e080a2c08010726020804070010010801260307040100280702082c0c08092d0a8058000900280902092d0a8058000900280902092d0a8058000900280902092d0a8058000900280902092d0a8058000900280902092d0a805800092c08010800000102012c0e07082c080107260209040a0010010901260307040100280702092c0c090a2d0a8058000a00280a020a2d0a8058000a00280a020a2d0a8059000a00280a020a2d0a8058000a00280a020a2d0a8058000a00280a020a2d0a8059000a00280a020a2d0a8058000a00280a020a2d0a8058000a00280a020a2d0a8059000a2c08010900000102012c0e07092b02000700054aa86a73cb8a34525e5bbed6e43ba1198e860f5f3950268f71df4591bde4022b02000a00209dcfbf2cfb57f9f6046f44d71ac6faf87254afc7407c04eb621a6287cac1262b02000b00083e7911d835097629f0067531fc15cafd79a89beecb39903f69572c636f4a5a2b02000c001a7f5efaad7f315c25a918f30cc8d7333fccab7ad7c90f14de81bcc528f9935d2c08010d26020e04070010010e0126030d040100280d020e2c0c0e0f2c0e0b0f00280f020f2c0e0c0f00280f020f2d0a8055000f00280f020f2c0e070f00280f020f2c0e0a0f00280f020f2d0a8055000f2d088057000422000005db0d280004805b00072302000700001d3e22000005f02c0d0804260206000226020a04060d308050000a000b2302000b0000061324000021602d04000480032700800404000724000021722d0880050007002807020a0128000a8050000b2c0e060b26020604060d3080430006000a2302000a0000065624000021602d04000780032700800404000724000021722d08800500040028040206012800068043000a2d0a8058000a2c0e04082c0d09062b020007002df8b940e5890e4e1377e05373fae69a1d754f6935e6a780b666947431f2cdcd26020a04090c38030a0b2302000b000006c524000021602d04000680032700800404000a24000021722d0880050008002808020a00380a030b2c0e070b26020604072b020007002ecd88d15967bc53b885912e0d16866154acb6aac2d3f85e27ca7eefb2c1908326020b04090c38060b0c2302000c0000072c24000021602d04000880032700800404000a24000021722d088005000a00280a020b00380b060c2c0e070c26020704090d30805f00070008230200080000076c24000021602d04000a80032700800404000a24000021722d0880050006002806020701280007805f00082d0a805500082c0e06092c08010726020804040010010801260307040100280602082602090409002804020a26020b0406002807020c42f70008000a000c0009002807020601280006805700082c0d0804370c0005000400280202062c0d0605260207040200380607043a0d000400052200000806280200040032b6bd200a38010405230200050000082122000009322c08010426020504030010010501260304040100280402051f24805a805b00052c0d040500280502052c0e05042c08010500000102012c0e04052c08010400000102012d0a8057000426020704082c0800082c0c05092c0c040a001000070024000022002c0400002c0c0906002806020801280008805700092c0d090726020804092c0800092c0c050a2c0c040b001000080024000022002c0400002c0c0a06002806020501280005805700082c0d08041c0c0405002b02000600000000000000000000000000ffffffffffffffffffffffffffffffffffffffff0e38050608230200080000090e240000214e370c0004000700280202062c0d0605260207040200380607043a0d00040005220000093228020004008a4870ec0a38010405230200050000094d22000009e12c08010426020504020010010501260304040100280402051f24805a805a00052c0d040500280502052c0e05042c08010500000102012c0e04052c08010400000102012d0a8057000426020704082c0800082c0c05092c0c040a2d08805d000b001000070024000022792c0400002c0c09063302000600280202062c0d0605260207040200380607043a0d0004000522000009e12802000400cd8c9a7a0a3801040523020005000009fc2200000b062c08010426020504020010010501260304040100280402051f24805a805a00052c0d040500280502052c0e05042c08010500000102012c0e04052c08010400000102012d0a8057000426020704082c0800082c0c05092c0c040a001000070024000023512c0400002c0c090626020504072c0800072c0c0608001000050024000023ca2c0400002c0c08041e020005060a380504062302000600000aa226020704003b0901071c0c0405002602060401260208040300380608072c0801040010010701260304040100280402072c0e060700280702072c0e0607260207040300380407062c0c06072c0e050700280402072c0d0706260208040200380708053a0d000500062200000b062802000400f99f5a2d0a380104052602040277260206026f26020702652602080272260209026c2302000500000b3a2200000e2b2c08010a26020b04020010010b0126030a040100280a020b1f24805a805a000b2c0d0a0b00280b020b2c0e0b0a2c08010b00000102012c0e0a0b2c08010a00000102012d0a8057000a26020d040e2c08000e2c0c0b0f2c0c0a102d08805d00110010000d0024000022792c0400002c0c0f0c26020b040126020e040300380b0e0d2c08010a0010010d0126030a040100280a020d2c0e0b0d00280d020d2c0e0b0d26020d040300380a0d0b2c0c0b0d2c0e0c0d00280a020d2c0d0d0c26020e040200380d0e0b360d000b000c26020a000a26020b001e26020d040326020f040300380d0f0e2c08010c0010010e0126030c040100280c020e2c0e0d0e00280e020e2c0e0d0e26020e040300380c0e0d2c0c0d0e2c0e0a0e00280e020e2d0a8061000e00280e020e2c0e0b0e00280c020d2c0d0d0b26020e040200380d0e0a360d000a000b26020a022126020b026426020c024826020d022c2c08010e26020f040e0010010f0126030e040100280e020f2c0c0f102c0e0c1000281002102c0e071000281002102c0e091000281002102c0e091000281002102c0e061000281002102c0e0d1000281002102d0a8063001000281002102c0e041000281002102c0e061000281002102c0e081000281002102c0e091000281002102c0e0b1000281002102c0e0a102c08010a26020b040e0010010b0126030a040100280a020b26020c040d00380c0b0c2c0c0b0d0c380d0c0f160c0f0f2302000f00000d672d0a8058000d00280d020d2200000d462c08010b00000102012c0e0a0b26020a040d2d08805700052200000d840c38050a0c2302000c00001cbe2200000d962c0d0b0526020d040d06280d020b26020f040300380d0f0e2c08010c0010010e0126030c040100280c020e2c0e0d0e00280e020e2c0e0d0e26020f040300380c0f0e002805020f2d04000f80032d04000e80042d04000d800524000023f400280c020e2c0d0e0d26020f040200380e0f05360d0005000d002802020c2c0d0c0a26020d040200380c0d053a0d0005000a2200000e2b280200050097b974f70a3801050a2302000a00000e4622000016ae2c08010a26020b04070010010b0126030a040100280a020b1f34805a0003000b2c0d0a0b00280b020b2c0e0b0a2c08010b00000102012c0e0a0b2c08010a00000102012d0a8057000a26020d040e2c08000e2c0c0b0f2c0c0a100010000d00240000243a2c0400002c0c0f0c00280c020e0128000e8057000f2c0d0f0d2c0d0b0c2c0d0a0e26021004060c380e10112302001100000ee2240000216000280c02100038100e112c0d110f0128000e805a00100e380e10112302001100000f0a24000024b326021204060c381012132302001300000f21240000216000280c021200381210132c0d13110128000e805b00100e380e10122302001200000f4924000024b32c0e0c0b2c0e100a1c0c0f0e051c0c0e0c001c0c110f051c0c0f0e0026021004112c0800112c0c0b122c0c0a132d08805d0014001000100024000024c52c0400002c0c120f26021104122c0800122c0c0b132c0c0a142d08805d0015001000110024000024c52c0400002c0c131026021204132c0800132c0c0b142c0c0a150010001200240000243a2c0400002c0c1411002811020b0128000b805700122c0d120a1c0c0a0b002b02001100000000000000000000000000ffffffffffffffffffffffffffffffffffffffff0e380b11122302001200001027240000214e2c08010b00000102012d0a8055000b2c08011100000102012d0a805800112c080112000001020126021300802c0e13122c080113000001020126021504162c0800162c0c0d170010001500240000259d2c0400002c0c17142c0d140d00280d020d2c0e0d140528000e8044000d00380c0d0e26020d04152c0800152c0c0e160010000d00240000259d2c0400002c0c160c2c0d0c0d00280d020d2c0e0d0c26020d02bc26020e026a260215029b26021602d32c08011726021804450010011801260317040100281702182c0c18192c0e0d1900281902192c0e0e1900281902192c0e151900281902192c0e161900281902192d0a8056001900281902192d0a8056001900281902192d0a8056001900281902192d0a8056001900281902192d0a8056001900281902192d0a8056001900281902192d0a8056001900281902192d0a8056001900281902192d0a8056001900281902192d0a8056001900281902192d0a8056001900281902192d0a8056001900281902192d0a8056001900281902192d0a8056001900281902192d0a8056001900281902192d0a8056001900281902192d0a8056001900281902192d0a8056001900281902192d0a8056001900281902192d0a8056001900281902192d0a8056001900281902192d0a8056001900281902192d0a8056001900281902192d0a8056001900281902192d0a8056001900281902192d0a8056001900281902192d0a8056001900281902192d0a8056001900281902192d0a8056001900281902192d0a8056001900281902192d0a8056001900281902192d0a8056001900281902192d0a8056001900281902192d0a8056001900281902192d0a8056001900281902192d0a8056001900281902192d0a8056001900281902192d0a8056001900281902192d0a8056001900281902192d0a8056001900281902192d0a8056001900281902192d0a8056001900281902192d0a8056001900281902192d0a8056001900281902192d0a8056001900281902192d0a8056001900281902192d0a8056001900281902192d0a8056001900281902192d0a8056001900281902192d0a8056001900281902192d0a8056001900281902192d0a8056001900281902192d0a8056001900281902192d0a8056001900281902192d0a8056001900281902192d0a8056001900281902192d0a8056001900281902192d0a8056001900281902192d0a8056001900281902192d0a8056001900281902192d0a8056001900281902192d0a8056001900281902192d0a8056001900281902192d0a805600192c0e171326020d04242d088057000522000013e80d2800058064000e2302000e00001bd422000013fd2c0d130d2d09804e000e00280e020e2d06000e804e26020e044426021504162c0800162c0c0d172c0c0e182d0880570019001000150024000025e32c0400002c0c17132c0c18142c0d131500281502152c0e15132c08011526021604090010011601260315040100281302160120804e0002001700281502183f3f0018001700162c0d151300281302132c0e131526021704182c0800182c0c0d192c0c0e1a2d08804f001b001000170024000025e32c0400002c0c19132c0c1a162c0d130d00280d020d2c0e0d13072800168050000d26021804100c380d181923020019000014e4240000216000281302180038180d192c0d1917260219041a2c08001a2c0c171b2c0c161c2d088065001d001000190024000028ba2c0400002c0c1b1826021904100c380d191a2302001a0000153224000021602d04001380032700800404001124000021722d088005001700281702190038190d1a2c0e181a0d2800168051000d2302000d000015a6220000156d2c08010d2602130409001001130126030d04010028170213002815021400280d02163f3f0016001400132c0c0d052d088057000c22000015cd01280016805a000d0e38160d1323020013000015c024000024b32c0c15052c0c0d0c22000015cd2c0d050d00280d020d2c0e0d0526021304182c0800182c0c17192c0c0c1a2c0c0e1b00100013002400002a3f2c0400002c0c190d2c0d0d0c00280c020c2c0e0c0d26020e04132c0800132c0c0d142c0c05150010000e002400002e922c0400002c0c140c2c0d0c0500280502052c0e050c26020d04132c0800132c0c0c140010000d0024000030892c0400002c0c140526020c04132c0800132c0c0b142c0c11152c0c12162c0c05172c0c0f182c0c0a192c0c101a0010000c0024000031e02c040000002802020b2c0d0b0a26020c040200380b0c053a0d0005000a22000016ae28020005009756f6200a3801050a2302000a000016c9220000187e2c08010526020a04050010010a012603050401002805020a1f24805a8050000a2c0d050a00280a020a2c0e0a052c08010a00000102012c0e050a2c08010500000102012d0a8057000526020c040d2c08000d2c0c0a0e2c0c050f2d08805d00100010000c002400003c8f2c0400002c0c0e0b26020d040e2c08000e2c0c0a0f2c0c05102d08805d00110010000d002400003c8f2c0400002c0c0f0c26020e040f2c08000f2c0c0a102c0c05110010000e002400003d672c0400002c0c100d00280d020f0128000f805700102c0d100e1c0c0e0d002b02000f00000000000000000000000000ffffffffffffffffffffffffffffffffffffffff0e380d0f1023020010000017d4240000214e26020f04102c0800102c0c0a112c0c05122d08805d00130010000f002400003c8f2c0400002c0c110d2c08010500000102012d0a805500052c08010a00000102012d0a8058000a2c08010f0000010201260210004c2c0e100f26021004112c0800112c0c05122c0c0a132c0c0f142c0c0b152c0c0c162c0c0e172c0c0d18001000100024000031e02c040000002802020b2c0d0b0a26020c040200380b0c053a0d0005000a220000187e2802000500eb2b616b0a3801050a2302000a000018992200001a992c08010126020504070010010501260301040100280102051f34805a000300052c0d010300280302032c0e03012c08010300000102012c0e01032c08010100000102012d0a8057000126020a040b2c08000b2c0c030c2c0c010d2d08805d000e0010000a0024000024c52c0400002c0c0c0526020b040c2c08000c2c0c030d2c0c010e2d08805d000f0010000b0024000024c52c0400002c0c0d0a26020c040d2c08000d2c0c030e2c0c010f2d08805d00100010000c0024000024c52c0400002c0c0e0b26020d040e2c08000e2c0c030f2c0c01100010000d00240000243a2c0400002c0c0f0c26020e040f2c08000f2c0c0c100010000e0024000023ca2c0400002c0c100d26020e040f2c08000f2c0c03102c0c01112d08805d00120010000e0024000024c52c0400002c0c100c26020f04102c0800102c0c03112c0c01122d08805d00130010000f0024000024c52c0400002c0c110e1e020001030a380105032302000300001a082400003de01e020001040a38010a032302000300001a1f2400003df21e020001050a38010b032302000300001a362400003e041e020001060a38010d032302000300001a4d2400003e161e020001080a38010c032302000300001a642400003e281e020001070a38010e032302000300001a7b2400003e3a00280202052c0d050326020a04020038050a013a0d000100032200001a9926020102732602020255260203026e260205027426020a026326020b026b2c08010c26020d04110010010d0126030c040100280c020d2c0c0d0e2c0e020e00280e020e2c0e030e00280e020e2c0e0b0e00280e020e2c0e030e00280e020e2c0e060e00280e020e2c0e040e00280e020e2c0e030e00280e020e2d0a8063000e00280e020e2c0e010e00280e020e2c0e070e00280e020e2c0e090e00280e020e2c0e070e00280e020e2c0e0a0e00280e020e2c0e050e00280e020e2c0e060e00280e020e2c0e080e0b208055805900012302000100001bd326020204122c080103260204041200100104012c0c03042903000405e58f985907316290002804020400280c020526020604102d04000580032d04000480042d040006800524000023f4260205041000380405042d0a8057000400280402043b0d0302252c0d130e012800058050001526021704200c380517182302001800001bf72400002160002814021700381705182c0d181626021804440c381518192302001900001c1c24000021602d04000e80032700800404004524000021722d0880050017002817021800381815192c0e16190038050d0e26021604200c380516182302001800001c5e240000216000280c021600381605182c0d181526021804440c380e18192302001900001c8324000021602d04001780032700800404004524000021722d088005001600281602180038180e192c0e15192c0e161301280005805a000e2c0c0e0522000013e82c0d0b0c26020f040d0c38050f102302001000001cd9240000216000280e020f00380f05102c0d100d1c0c0d0f00260210040d0c380510112302001100001d0324000021602d04000c80032700800404000e24000021722d088005000d00280d021000381005112c0e0f112c0e0d0b01280005805a000c2c0c0c052200000d842c0d080726020b04020c38040b0c2302000c00001d592400002160002806020b00380b040c2c0d0c0a1c0c0a0c051c0c0c0b0002380a0b0c0928000c8044000e1c0c0e0f051c0c0f0c0002380e0c0f0928000f8044000e0528000c8044000f00380f0b0c05308045000e000b00380c0b0f0a380a0f0b2302000b00001dc526021004003b09011005280004805b000a26020f04060c380a0f102302001000001de424000021602d04000780032700800404000724000021722d088005000b00280b020f00380f0a102c0e0c100128000a805a000726020c04060c38070c0f2302000f00001e2924000021602d04000b80032700800404000724000021722d088005000a00280a020c00380c070f2c0e0e0f2c0e0a082c0d0907052800048053000a26020c04060c380a0c0e2302000e00001e76240000216000280d020c00380c0a0e2c0d0e0b0128000a805a000c26020f04060c380c0f102302001000001ea3240000216000280d020f00380f0c102c0d100e0128000a805b000f26021104060c380f11122302001200001ed0240000216000280d02110038110f122c0d121026021104090c380a11122302001200001ef524000021602d04000780032700800404000a24000021722d088005000f00280f02110038110a122c0e0b1226020a04090c380c0a0b2302000b00001f3224000021602d04000f80032700800404000a24000021722d0880050007002807020a00380a0c0b2c0e0e0b0128000c805a000a26020c04090c380a0c0e2302000e00001f7724000021602d04000780032700800404000a24000021722d088005000b00280b020c00380c0a0e2c0e100e2c0e0b0901280004805a00072c0c070422000005db270080040478000d000000800480032300800300001fda2901000105f7a1f3afa5add4ca3b010102252400001fb21e020001011e020002000a380102032302000300001ffc2400003e4c252400001fb226020604072c0800072c0c01082c0c0209001000060024000020d52c0400002c0c08050b280003805d0001002805020601280006805700072c0d070223020001000020c7220000204b0b28000380600001230200010000208222000020600b28000380620001230200010000207926020504003b0901052c0c020422000020d01c0c0201002b02000300000000000000000000000000ffffffffffffffffffffffffffffffffffffffff0e3801030523020005000020be240000214e2c0c020422000020d02c0c020422000020d02c0c0401252400001fb22c0d01032c0d020426020604030c3804060723020007000020f92400002160002803020600380604072c0d07052c08010626020704020010010701260306040100280602072c0c07082c0e050801280004805a00050e38040507230200070000214124000024b32c0e03012c0e05022c0c06012529010001055a02e41bb51ea99f3b010102252901000105e89d09fea1112d0e3b010102252d01800380060b00800600028007230080070000218d22000021982d008003800522000021ff2d0000018005010000018004000101008003800480092d008003800a2d008005800b0b00800a8009800c2300800c000021eb2d01800a80082d028008800b0100800a0002800a0100800b0002800b22000021ba27018005040001030080060002800622000021ff252400001fb22c0d01032c0d020426020604020c3804060723020007000022242400002160002803020600380604072c0d07052c08010626020704020010010701260306040100280602072c0c07082c0e050801280004805a00050e38040507230200070000226c24000024b32c0e03012c0e05022c0c0601252400001fb226020604072c0800072c0c01082c0c0209001000060024000023512c0400002c0c08050b280003805d0001002805020601280006805700072c0d0702230200010000234322000022c70b2800038060000123020001000022fe22000022dc0b2800038062000123020001000022f526020504003b0901052c0c0204220000234c1c0c0201002b02000300000000000000000000000000ffffffffffffffffffffffffffffffffffffffff0e38010305230200050000233a240000214e2c0c0204220000234c2c0c0204220000234c2c0c0401252400001fb22c0d01032c0d020426020604010c3804060723020007000023752400002160002803020600380604072c0d07052c08010626020704020010010701260306040100280602072c0c07082c0e050801280004805a00050e3804050723020007000023bd24000024b32c0e03012c0e05022c0c0601252400001fb2002801020301280003805700042c0d04021c0c0203051c0c0301001c0c0102052c0c02012501008003800580072d00800380082d00800480090b0080088007800a2300800a000024392d01800880062d0280068009010080080002800801008009000280092200002408252400001fb22c0d01032c0d020426020604060c38040607230200070000245e2400002160002803020600380604072c0d07052c08010626020704020010010701260306040100280602072c0c07082c0e050801280004805a00050e3804050723020007000024a624000024b32c0e03012c0e05022c0c060125290100010545a7ca711941e4153b010102252400001fb226020604072c0800072c0c01082c0c02090010000600240000243a2c0400002c0c08050b280003805d0001002805020601280006805700072c0d0702230200010000258f22000025130b28000380600001230200010000254a22000025280b28000380620001230200010000254126020504003b0901052c0c020422000025981c0c0201002b02000300000000000000000000000000ffffffffffffffffffffffffffffffffffffffff0e380103052302000500002586240000214e2c0c020422000025982c0c020422000025982c0c0401252400001fb226020301002c080102260204042100100104012603020401002802020426020504204303b0000180540005000300042c0d020100280102012c0e01022c0c0201252400001fb22c0801052602060411001001060126030504010028050206260207041000380706072c0c06080c38080709160c0909230200090000262f2d0a805700080028080208220000260e2c08010600000102012c0e05060c3802030523020005000026ae220000264e01280003804f00070e38030708230200080000266824000024b30c380207082302000800002685220000267a2d08804f000522000026a502380203070e38030208230200080000269c2400003e5e2c0c070522000026a52c0c050422000026b92d088057000422000026b907280004805000022c08010500000102012c0e020526020804040638040809043809080a0238040a070b28000780570008230200080000271a22000026f701280002805a00070e38020708230200080000271124000024b32c0e0705220000271a2c0d05072d088057000222000027290c380207052302000500002744220000273b2c0d06012c0c0402252c08010800000102012d0a805700082d0880570005220000275e0d2800058050000923020009000027cd22000027732c0d06052c0d080926020a04100c38020a0b2302000b0000279224000021602d04000580032700800404001124000021722d0880050008002808020a00380a020b2c0e090b01280002805a00052c0e08062c0c05022200002729052800028050000a26020c04000b28000c8050000b2302000b000028040728000a8050000e0a380e020d2302000d000028042400003e7000380a050b0e380a0b0c2302000c0000281b24000024b30c380b040a2302000a00002838220000282d2d0880560009220000287d0038030b0a0e38030a0c2302000c0000284f24000024b326020c04440c380a0c0d2302000d000028662400002160002801020c00380c0a0d2c0d0d0b2c0c0b09220000287d2c0d080a1928000a805e000b1c0c090a0400380b0a090e380b090c2302000c000028a524000024b32c0e090801280005805a00092c0c0905220000275e2400001fb2260206040406380206070438070608023802080503308050000500020f2800058050000623020006000028f02400003e5e1c0c0207021c0c0706041c0c0602020530805e0002000626020802000a380802072302000700002933063806020a0b28000a805e000923020009000029332400003e701a380106070d280002805c00012302000100002958220000294d2d0880570004220000297b18380706010d2800068063000223020002000029722400003e822c0c0104220000297b1c0c03020403308053000500030f28000580530006230200060000299d2400003e5e1c0c0306021c0c0605041c0c0503020d280003805c000523020005000029cc22000029c12d08805700012200002a230530805e0003000526020702000a380703062302000600002a0006380503090b280009805e00082302000800002a002400003e7018380205030d280005806300022302000200002a1a2400003e822c0c03012200002a2300380401020e380402032302000300002a3a24000024b32c0c0201252400001fb22c0d010400280402042c0e04012c08010400000102012c0e01042c08010500000102012c0e020526020704040638020708043808070902380209060b280006805700072302000700002bca2200002a94072800028050000803308050000600090f2800068050000a2302000a00002ab92400003e5e26020a04100c38080a0b2302000b00002ad02400002160002801020a00380a080b2c0d0b061c0c090b021c0c0b0a041c0c0a0b020530805e000b000a26020d02000a380d0b0c2302000c00002b2106380a0b0f0b28000f805e000e2302000e00002b212400003e701a38060a0c0d28000b805c00062302000600002b462200002b3b2d08805700072200002b6918380c0a060d28000a8063000b2302000b00002b602400003e822c0c06072200002b6926020a04100c38080a0b2302000b00002b8024000021602d04000180032700800404001124000021722d0880050006002806020a00380a080b2c0e070b2c0e060400380209010e380201062302000600002bc124000024b32c0e01052200002bca2c0d050207280002805000052c0c05012200002bdf0d280001805200022302000200002e3a2200002bf40530805f0003000226020604000a380603052302000500002c2806380203080b280008805f00072302000700002c282400003e701c0c02030026020501002c080102260206040900100106012603020401002802020626020704084303b0000380540007000500062d08805700012200002c670d280001805b00032302000300002c812200002c7c2c0d04012505280001805000032c0d0405013080520001000626020804080c380308092302000900002cac2400002160002802020800380803092c0d090701280003805a00080e380308092302000900002cd424000024b326020a04080c38080a0b2302000b00002ceb2400002160002802020a00380a080b2c0d0b0901280003805b00080e3803080a2302000a00002d1324000024b326020b04080c38080b0c2302000c00002d2a2400002160002802020b00380b080c2c0d0c0a01280003805300080e3803080b2302000b00002d5224000024b326020b04080c38080b0c2302000c00002d692400002160002802020b00380b080c2c0d0c031c0c07080419280008805e00071c0c09080400380708090e3807090b2302000b00002da024000024b319280009805e00071c0c0a080400380708090e3807090a2302000a00002dc424000024b319280009805e00071c0c03080400380708030e380703092302000900002de824000024b326020804100c380608092302000900002dff24000021602d04000580032700800404001124000021722d0880050007002807020800380806092c0e03092c0e070401280001805a00032c0c03012200002c672c0d040226020604100c380106072302000700002e5524000021602d04000280032700800404001124000021722d0880050005002805020600380601072d0a8057000701280001805a00022c0e05042c0c02012200002bdf2400001fb22c0d020400280402042c0e04022c08010400000102012c0801052602060421001001060126030504010028050206260207042000380706072c0c06080c38080709160c09092302000900002ef42d0a8056000800280802082200002ed32c08010600000102012c0e05062c0801052602070409001001070126030504010028010207002802020800280502093f3f0009000800072c0d050100280102012c0e01052c0e05042d08805700032200002f470d280003805f00012302000100002f612200002f5c2c0d0601252c0d040226020704080c380307082302000800002f7c2400002160002802020700380703082c0d08051c0c05020026020701002c080105260208040500100108012603050401002805020826020904044303b00002805400090007000805308050000300022d08805700012200002fd10d280001805000072302000700002ff72200002fe601280003805a00012c0c01032200002f472c0d060700380201080e38020809230200090000301224000024b326020a04040c38010a0b2302000b000030292400002160002805020a00380a010b2c0d0b0926020b04200c38080b0c2302000c0000304e24000021602d04000780032700800404002124000021722d088005000a00280a020b00380b080c2c0e090c2c0e0a0601280001805a00072c0c07012200002fd12400001fb22c080103000001020126020400012c0e04032c08010400000102012d0a805800042c08010500000102012d0a80580005260206041e260207040f270200080001002d088057000222000030da0c38020709230200090000312822000030ec2c0d0502002801020800380807092c0d09061c0c0601002c0d0306043801060300380203012c0e01052c0d0402043802060300380103022c0c0201252c0d0509023806020a26020c04200c380a0c0d2302000d000031482400002160002801020c00380c0a0d2c0d0d0b1c0c0b0a002c0d030b04380a0b0c0038090c0a2c0e0a0504380b08092c0e09032c0d040a033080520002000b0f2800028052000c2302000c000031972400003e5e26020d04200c380b0d0e2302000e000031ae2400002160002801020d00380d0b0e2c0d0e0c1c0c0c0b0004380b090c00380a0c092c0e090401280002805a00092c0c090222000030da2400001fb22c08010926020a04030010010a012603090401002809020a2c0c0a0b2d0a8061000b00280b020b2c0e050b2a02000a000000000000000002000000000000000026020f04102c0800102c0c0a110010000f002400003e942c0400002c0c110b2c0c120c2c0c130d2c0c140e2c0d0b0a00280a020a2c0e0a0b2c08010a00000102012c0e0b0a2c0d0c0b00280b020b2c0e0b0c2c08010b00000102012c0e0c0b2c08010c00000102012c0e0d0c2c08010d00000102012c0e0e0d2d088057000822000032a90d280008805b00012302000100003c1c22000032be260203040e2c08000e2c0c0a0f2c0c0b102c0c0c112c0c0d1200100003002400003f342c0400002c0c0f021e020003031e020008001e020009042c08010a26020b04e10010010b0126030a040100280a020b26020c04e000380c0b0c2c0c0b0d0c380d0c0e160c0e0e2302000e0000333f2d0a8056000d00280d020d220000331e2c08010b00000102012c0e0a0b26020c040d2c08000d2c0c060e0010000c00240000259d2c0400002c0c0e0a2c0d0a0600280602062c0e060a26020c040d2c08000d2c0c030e0010000c00240000259d2c0400002c0c0e062c0d060300280302032c0e030626020c040d2c08000d2c0c080e0010000c00240000259d2c0400002c0c0e032c0d030800280802082c0e080326020c040d2c08000d2c0c090e0010000c00240000259d2c0400002c0c0e082c0d080900280902092c0e090826020c040d2c08000d2c0c040e0010000c00240000259d2c0400002c0c0e092c0d090400280402042c0e040926020c040d2c08000d2c0c020e0010000c00240000259d2c0400002c0c0e042c0d040200280202022c0e020426020c040d2c08000d2c0c070e0010000c00240000259d2c0400002c0c0e022c0d020c00280c020c2c0e0c0226020c048026020d04c026020e046026020f04a02d0880570001220000349f0d28000180640010230200100000393122000034b42c0d0b022d09804e000300280302032d060003804e2c08010300000102012d0a804e000326020404e02d088057000122000034e80d2800018053000623020006000038a122000034fd26020a040e2c08000e2c0c020f2c0c04102c0c0d110010000a002400003fad2c0400002c0c0f082c0c10092c0d080200280202022c0e0208072800098050000226020b04100c38020b0c2302000c000035542400002160002808020b00380b020c2c0d0c0a26020c040d2c08000d2c0c0a0e2c0c090f2d08806500100010000c0024000028ba2c0400002c0c0e0b26020c04100c38020c0d2302000d000035a224000021602d04000880032700800404001124000021722d088005000a00280a020c00380c020d2c0e0b0d0d28000980510002230200020000361a22000035dd2c0d03022c08010326020804090010010801260303040100280a02080028020209002803020b3f3f000b000900082c0c03012d088057000622000036452c0d030201280009805a00030e38090308230200080000363824000024b32c0c02012c0c030622000036452c0d010300280302032c0e0301260208040b2c08000b2c0c0a0c2c0c060d2c0c040e00100008002400002a3f2c0400002c0c0c032c0d030400280402042c0e040326020604082c0800082c0c03092c0c010a00100006002400002e922c0400002c0c09042c0d040100280102012c0e010426020304082c0800082c0c0409001000030024000030892c0400002c0c090126020300052c08010426020604040010010601260304040100280402062c0c06082c0e030800280802082c0e010800280802082c0e05082c0d040300280302032c0e03042a020003000000000000000003000000000000000026020a040b2c08000b2c0c030c0010000a002400003e942c0400002c0c0c052c0c0d062c0c0e082c0c0f092c0d050300280302032c0e03052c08010300000102012c0e05032c0d060500280502052c0e05062c08010500000102012c0e06052c08010600000102012c0e08062c08010800000102012c0e09082d088057000222000037b20d28000280530009230200090000382e22000037c726020404092c0800092c0c030a2c0c050b2c0c060c2c0c080d00100004002400003f342c0400002c0c0a021e0200030032380002000300040b28000480550003230200030000381424000042843438000100070003230200030000382924000042963302000225230200090000383b220000389026020a04030c38020a0b2302000b000038522400002160002804020a00380a020b2c0d0b0926020a040b2c08000b2c0c030c2c0c050d2c0c060e2c0c080f2c0c09100010000a0024000042a82c040000220000389001280002805a00092c0c090222000037b20530804f0001000626020a040e2c08000e2c0c020f2c0c04102c0c06110010000a002400003fad2c0400002c0c0f082c0c10092c0d080600280602062c0e06082c0d03062c08010a26020b04090010010b0126030a0401002808020b002806020c00280a020e3f3f000e000c000b2c0d0a0600280602062c0e060a2c0e0a0301280001805a00062c0c060122000034e82c0d0b1026021204200c38011213230200130000394c240000216000280a021200381201132c0d131126021304e00c38011314230200140000397124000021602d0400108003270080040400e124000021722d0880050012002812021300381301142c0e1114012800018064001026021304200c3801131423020014000039b62400002160002806021300381301142c0d141126021404e00c3810141523020015000039db24000021602d0400128003270080040400e124000021722d0880050013002813021400381410152c0e111501280001804f001026021204200c380112142302001400003a202400002160002803021200381201142c0d141126021404e00c381014152302001500003a4524000021602d0400138003270080040400e124000021722d0880050012002812021400381410152c0e11150038010e1026021304200c380113142302001400003a872400002160002808021300381301142c0d141126021404e00c381014152302001500003aac24000021602d0400128003270080040400e124000021722d0880050013002813021400381410152c0e11150038010c1026021204200c380112142302001400003aee2400002160002809021200381201142c0d141126021404e00c381014152302001500003b1324000021602d0400138003270080040400e124000021722d0880050012002812021400381410152c0e11150038010f1026021304200c380113142302001400003b552400002160002804021300381301142c0d141126021404e00c381014152302001500003b7a24000021602d0400128003270080040400e124000021722d0880050013002813021400381410152c0e11150038010d1026021204200c380112142302001400003bbc2400002160002802021200381201142c0d141126021404e00c381014152302001500003be124000021602d0400138003270080040400e124000021722d0880050012002812021400381410152c0e11152c0e120b01280001805a00102c0c1001220000349f2302000100003c292200003c7e26020204020c380802032302000300003c402400002160002809020200380208032c0d0301260202040e2c08000e2c0c0a0f2c0c0b102c0c0c112c0c0d122c0c0113001000020024000042a82c0400002200003c7e01280008805a00012c0c010822000032a92400001fb226020604072c0800072c0c01082c0c020900100006002400003d672c0400002c0c08050b280003805d0001002805020601280006805700072c0d07022302000100003d592200003cdd0b280003806000012302000100003d142200003cf20b280003806200012302000100003d0b26020504003b0901052c0c02042200003d621c0c0201002b02000300000000000000000000000000ffffffffffffffffffffffffffffffffffffffff0e380103052302000500003d50240000214e2c0c02042200003d622c0c02042200003d622c0c0401252400001fb22c0d01032c0d020426020604040c380406072302000700003d8b2400002160002803020600380604072c0d07052c08010626020704020010010701260306040100280602072c0c07082c0e050801280004805a00050e380405072302000700003dd324000024b32c0e03012c0e05022c0c0601252901000105be11c73bbb04a4fc3b0101022529010001057425c86e086b03c13b010102252901000105e3b1cb17b4b196ae3b010102252901000105203960faa7b733883b01010225290100010597178cf85aace5563b0101022529010001053b7ee0a2f674688e3b01010225290100010565a49ce5d4594d753b010102252901000105288692b047dcfd433b010102252901000105646188a8c6cf94cb3b010102252901000105c96f933b139de9163b010102252400001fb22c08010226020304040010010301260302040100280202032c0c03042d0a8058000400280402042d0a8058000400280402042d0a805800042c0d020300280302032c0e03022c08010326020404050010010401260303040100280302042c0c04052d0a8058000500280502052d0a8058000500280502052d0a8058000500280502052c0e01052d08805500042c0c02012c0c03022d0880570003252400001fb22c0d04050b280005805500062302000600003f5626020704003b09010726020504062c0800062c0c01072c0c02082c0c03092c0c040a001000050024000043d32c0400002c0d01052c0d02062c0d03072c0e05012c0e06022c0e07032d0a80590004002806020201280002805700032c0d0301252400001fb22c0801052602060411001001060126030504010028050206260207041000380706072c0c06080c38080709160c09092302000900003ff92d0a8057000800280802082200003fd82c08010600000102012c0e05060c380203052302000500004078220000401801280003804f00070e38030708230200080000403224000024b30c38020708230200080000404f22000040442d08804f0005220000406f02380203070e3803020823020008000040662400003e5e2c0c0705220000406f2c0c050422000040832d0880570004220000408307280004805000022c08010500000102012c0e020526020804040638040809043809080a0238040a070b2800078057000823020008000040e422000040c101280002805a00070e3802070823020008000040db24000024b32c0e070522000040e42c0d05072d088057000222000040f30c38020705230200050000410e22000041052c0d06012c0c0402252c08010800000102012d0a805700082d088057000522000041280d280005805000092302000900004197220000413d2c0d06052c0d080926020a04100c38020a0b2302000b0000415c24000021602d04000580032700800404001124000021722d0880050008002808020a00380a020b2c0e090b01280002805a00052c0e08062c0c050222000040f3052800028050000a26020c04000b28000c8050000b2302000b000041ce0728000a8050000e0a380e020d2302000d000041ce2400003e7000380a050b0e380a0b0c2302000c000041e524000024b30c380b040a2302000a0000420222000041f72d088056000922000042470038030b0a0e38030a0c2302000c0000421924000024b326020c04e00c380a0c0d2302000d000042302400002160002801020c00380c0a0d2c0d0d0b2c0c0b0922000042472c0d080a1928000a805e000b1c0c090a0400380b0a090e380b090c2302000c0000426f24000024b32c0e090801280005805a00092c0c09052200004128290100010561be47556b1380913b010102252901000105b87a3944b3b13c563b010102252400001fb22c0d03062c0d04070b2800078055000823020008000042ce26020904003b0901090b28000680530007230200070000435f22000042e32c0d01062c0d02072c0d03082c0d040926020b04030c38080b0c2302000c0000430a24000021602d04000680032700800404000424000021722d088005000a00280a020b00380b080c2c0e050c01280008805a00050e38080506230200060000434a24000024b32c0e0a012c0e07022c0e05032c0e090422000043d226020604072c0800072c0c01082c0c02092c0c030a2c0c040b001000060024000043d32c0400002c0d01062c0d02072c0d04082d04000680032700800404000424000021722d0880050009002809020a0128000a8057000b2c0e050b2c0e09012c0e07022d0a805a00032c0e080422000043d2252400001fb22d088057000522000043e30d28000580530006230200060000444e22000043f82c0d01052c0d02062c0d03072c0d04082c08010926020a04050010010a012603090401002806020a26020b0404002809020c3e0f000a000c2c0d090600280602062c0e06092c0e05012c0e09022c0e07032c0e0804252c0d03060c3805060701280005805a0006230200070000446c220000451d2c0d01072c0d02082c0d03092c0d040a26020c04040c38050c0d2302000d000044932400002160002808020c00380c050d2c0d0d0b26020d04030c38050d0e2302000e000044b82400002160002807020d00380d050e2c0d0e0c00380b0c0d26020c04040c38050c0e2302000e000044e224000021602d04000880032700800404000524000021722d088005000b00280b020c00380c050e2c0e0d0e2c0e07012c0e0b022c0e09032c0e0a04220000451d2c0c060522000043e32d0018ca18ca>,
  "privateFunctionsRoot": Fr<0x2e48f56e2f89ae8cad557d2375c4bb45e7061689f591280b2038108dda8067ad>,
  "version": 1,
}
`;
