// Jest Snapshot v1, https://goo.gl/fbAQLP

exports[`UnconstrainedFunctionBroadcastedEvent parses an event as emitted by the ContractClassRegisterer 1`] = `
UnconstrainedFunctionBroadcastedEvent {
  "artifactFunctionTreeLeafIndex": 1,
  "artifactFunctionTreeSiblingPath": [
    Fr<0x24eb989517d084b2d95f40b9837d5e6d8468dd84e20d6ad727a7617a5eb395e1>,
    Fr<0x0000000000000000000000000000000000000000000000000000000000000000>,
    Fr<0x0000000000000000000000000000000000000000000000000000000000000000>,
    Fr<0x0000000000000000000000000000000000000000000000000000000000000000>,
    Fr<0x0000000000000000000000000000000000000000000000000000000000000000>,
  ],
  "artifactMetadataHash": Fr<0x16ad977a85a570bedc6785d159f137035d3bf9891042ee3af20488686aec168b>,
  "contractClassId": Fr<0x23ced3716a04d81b58822bc3e1843626aa2884888b1a2d2250e79fb7d41a365e>,
  "privateFunctionsArtifactTreeRoot": Fr<0x0624b9dd486acffb15815318ac8eb07814d48ffeca47da1f4de4a733b723a1e4>,
  "unconstrainedFunction": BroadcastedUnconstrainedFunction {
    "bytecode": Buffer<0x1f8b08000000000000ffed5dcd8f64c951cfeafae8aeeae9e99ae99e5defee98a99d9df12e60e07dd597b93402db3266910009c18d5755afec01b36dc6bdacd707d408092410321c015f913880f803cc85131790b9db075bf2d196ff005b96ebedbea8faf5afe2bd7aaf2ab3a76777539aa9ea179111911191919991f9b26ae6fd72b8f857cbbe37b3cf96592f8273967d7abb15df222dcfa59cb5e744cebde744cefa732267c3a29ca96c7573b5d896b7e940afb6656c3d0732ee5bb6bbc8d8c8be1f2cfeb517ff3ae6fdd8bb06c486ed658e93c25303a70adc079c3ca21f23e5a4e55ff656df5fca3e7fede9d3f8ddde93b766c9577be76f5ff4cee7bdc9f9db6fcdbe8215ff1d2adecf3ee38b8be44fbf7cd1bb38efc5b359ef9d27175fec9dff79f274fea5f377b0ee37b765fabf3b30fdf6b64c7fb003d31f6fcbf4567d7ba6afd4b764fac91d9886db32fdd4b6153fbd83b4bf05756f679fbf77114fff6451f3bc374b922f23f6bbdb8af8d73b88f8b7db32fda71d987e6b5ba6dfdd81e91f34b664fa47db56fce2b615df69546be632d67e2dabd8cefe96b82071fe2cfbdbdbadf86da06b9bfec88be66d73b558963f6c6734f7ddd01f09fd0337f43d91fbd72f57f4b12dc257bacb672f57bafc2cd449ff1dc17743740506e38bf90d82e1e4f2d304033f369f2158d3accb247a6b415b2cfa956bbb84d2369c27895e8577db0defa846fc8c59e91f61c2bf639cf601bf46fc441ed68ff8d651f659bf5cc9d32258e372bd1d026b024cec9b7ebe0a78ec5bfb80f74978ce3edf30eb7d44e062d73ad4b7e8b393b6b9da976cfb8da677b64903607582a1de714d207a3f59fcfbfce54a8fa2b3b4ec5f3a69d372f17390d16f026fe189b2ef113e7ec75825cf7ed1ac60efb507ea099f3a3c139ec7d9df2d80b52f37d36a28b4ba0a7e8b68ed2bb4f099b43bed130fb3efe91a2eb5dfe7324373cc4ccb59f6e96d59c259321c0583b1c82afed034ebbe2e7cb57e603341e67acc16fa1d8b7a94d2243dfe03d83522fde158602f71178ddbe66aecb04b7fd0d7e2ac3dfac3a1d06fba913fd1e63616f51f69f30b8bfa59daf7d009fd60d93f6eb9d1ff721c3d02fa16e3872ff30b59e80b0f63567def189edb8b2d7ebfecdc4ff87748565773bf639287f583f38c14d6556415dddd01983dbfe8f7bb0a6fe485306c4757698746ab6991d6ad1b2097d8e32ed4b7d84fe79aac772db6bb6e91964ddb1ede50b9b6d5bdf8c909d4b7381e459aac2716dbbd6791964ddbda6c637b4b5a62db53a86fd1b69e26eba9c576df54dbd62cd26a11ad63a22363bee02cd7f384ff97d9e791c25fe4157fb807cf2dce6f0635e2678c3ebfb947b2a23c22774781edb2811dc7e130f2a32499fb9e1ff8c31ad11759f919fbe00b0abe3657125dbf689ce85acd07bd007a7d4f3e80dd235813602223e683da44d3b6fc65f48ffcbb0a0c7300556c79d75cf535d41bf66f63d6fb8ea3bd9ad26b03e1df31ebb1c8c5da60cfacebb4a6e894f719b06e578175e03bc2904f5de1f33cd2e2fd06d4611affff7eef2ade21d0afe57c8a3cfc8ced714ba1a5adb19fc51e87f0ef90acae7cf988e461fdb0ee6e2bb2761518fbcc6d858f36465c172d81e11c48da7d6cd67d81d7af9ade8e0a64c0fa82e7d8e7fcb6d27e177b86381797f127edc3ff4a3a937959137486756f031cf17fa5bea2f96fd9b363c2415b1e9b75dbf29cf29074c23186edd72ae08330f69396c2a755c0e75609990dd03a5668d5cc7a3fe636a2adcab4e35645dedafc5feb039aad96fb43c6690c0c44d63b15db7657c1c7bc1bc7112d27a1e5a22cce25977df3c4ac1781e1ba146dcfa5417fa3dca90ffd767d4597f19827f6d75382a10e658eaaadd76de69f79bd65149971be8f7eca45d393c85d554fe8173c17c73c8aac531caf4d8647c4cf2832e3f959f4792e9a9e44eeaa7a42bff818c1705d24a7d8da8aac16f5343e227e4691f965e08d73632e9a9e44eeaa7a42bf789960b81e7f25fbce7a4acb59f6197a51304806519c24a1978cc7a3a91f4e47d32499cee2301e0e47de703649e2593f984c837938997b499c8cfafe249a0c7d6fba9c97bca4d0f6223f08423f1a4e06236fd4f766d351908ce27e3f1ef78359349b075ed01fcc13af3f0e67e368bc781cf9d3d8f3e65e3c99fbcbbdd69715da7e309ecc67fe2cee2f04f106c16c30e94751324cc2c164ec0dc341d8f7e683f9245e644382d17441771878e371df1bcffb43cf5fee83bea2c91d8f16d8c9c09b798bffe6fdd9c88bfad178168de60b7545336fe047de643c4a66437f188f27fd3088e78370a18d7eb8d8a25ceae4be463b994dfc241887d3709a8cfdc97cea45c9e26b1c2ff4134c170a98c7e399374ee54d26911726f3893f9dc7c1741286fde15c687f5cd3891ffafd41ec0d46f381177a411844de743c9844a99686d160b0306538190d7d7fda0f160ca251e007b1df9f4cbd304ae281f8d0cf01ed1af9d003786e71fc9ed5889f31fa9a4af8774856dbf3ed1af11379583fbca6ea29b2761518c62c84219f9ec247a3f5718bb41a5bd212ff78156067d967300afad3e1783a1dc4fde964b2c8510e67837834f72783d80f26e1c209e3301c45911727f385d387e345071b4d47e345e858748fb126e7ab16dbfcb2455adbea4fa3757f4b5a628b87003bcb3efd30f26783617f1e2f2244324dc245d05844f7701a87d1229e86137f3c1924e3e120f0a2c170f16c91541e05d1345a586c96847d4dce8716db6c537f2f59a4f58a455ad246891918636ad9673ba7de59f6b7b75b19978db7c2bf639cc67fbf48af0f14bd8aee5e5364ed2a305cab200cf9bca6f0d168ddb148ebae455a2716699d5aa475cf22ad172cd292b9328fdd024f4b5ba9f72c72c9c2bf639cc605bf48afdabc47f4f3c88d3c5391e7b122cf8302793ee1469e91c8f3ba224f4f91e78ed17d08f5f518bea3dcc283cf0add29c95bf037e5b8387788b192735cc8fb2cfbf4aa95901fb8cd7704218f15580486f640dd70d994eff8c69679a14704c358fe9860189b3f41308cb5e23fc7665dbf3cee68fbfef88ce368514e0bebd5723e850f3f633e9accc78a0c3cf6693e7fb780cf89c2e748a9b76b7b3499b5fceeae7cb03d9c9b3db5c8077d91f3bc98873dcb3ebddd4ae8f6dc49f558c1be8fb19cfd08633bdbfe7580b1bdde50745c3636e1d9976f56884d79fb80bf595b3d47fa79fb80b7008ef8c7b00ff86646d36d8ee966d9b6acfd4417a90df61a2bba8cc7edc0fe216dba69faad3acea22e9ef5388be3128fb3a85f1e67b57ca2368fd5c68b0724839637d8368e6b327f34ce6ee6f32cc659f13d9e37a7e52cfbf4762b91dbfc53f558c1beef7a9cc5fecd458b4dbdecbbad71f692c6d95e062b3bce0afe8ff65634ff8ac65937398d2062fb19a5dd683fb62dda8f6d8bf663dba2fdaa8eb3a28baae36c0f60d226b181bcfff28f59c5d4065faf5dad8f3694f36c29de5f6476737b66a27a3fac7ab6c4c699893263f64d9bdb543d5b82739b2a7a427bb09ed067584f6ef275419ffbb75164c6fe5df56c89c85d554fe8173c97c33828f1a56dd6e394453d0d5817469119635dd5b3252277553d75155d68fefd06c1ea0a5db73a2cbf8725fc3b665d972e72e75aae5a3b53aff507a9db35f96361cdacfb4e4379b65740ebc422ad96455aa716693db048eb358bb4ba166971cc47dfe37ee8684fa4f41e96f0ef18a771c12fd26bd11ed6eb6ee459ee61bda1c8532f90e7e7ddc8b3dcc3fa05459ec78a3cb887a5ed4f61db586ee1c17b588d92bc05bfa5e0a38ff11e16f293badabbe016c7f4e5dd1baf9af522b087c0bb6afe4be4ae9aff423d3d2418c6eed70886718ae30c8e4562b763a3eb57be234cdac8cf38d661fdebcae334a83d589fc73acd8f1b057c5a0a9f23a5deaeedd164669bdbe083ede9129fae453ed7ffde45f5feccfec9f91584696b6a2d37c23ac5f85b752f08dff3a892a3c27b3c3047f5e3daea39d2c71c15d6e51c95e07f0b72543fcd686af7607d506d5bd67ecbfbff4cb51c158e85d2a69bd677aa8e85e8cbb6c642f4351e0b8bf22c68471e0b59bff21d61d2467e5614d3af6befa4682ce4fb7daa8e854d858febb1b0497c9a16f9607bae7bcc6d9b755f7c96fd99fdb36cbc64fb60bc649de2585875bf46f454752cc475098e85dedeea39d2c7b110ebf25828f8ff096361487b006ef25637cbb665ed27baa83a16a20d38fe17e530b15f5a5c8b97be17459e5d570e538be55aae22f563396bf285e4e2f3c9bbbf1f7fe9c92cbe7872fed6ef267ff676f2950b6c0692d69ac9e66f103bc1e32b443a0a9e211c0ef745cd127c2ded80615eae39285a2a6a57963e4f532d91bbea544b9b76ee3ad5c2eb4378aa85fae5749376dd42d1151158ff9064b0717d4db740662d85c553adaad7f634153e45616fdbf668327f50a65ae27beeaed00efb6eaf79a91e2bd8f771a8673fb2318dc3fecd458b4da2a7aad338f4079cc69dd3344e60388dc3ba3c8d13fcafc334ee294de3708cf9a0dab6acfd441755a77168031e5bf83a5163ae1ea9611ac8e3a36bf0d6fddc98edafc1e3d72e77b96eee458bb47a1669e14fc0a47f97bd060f6d2a750e01ce3f8568ccfad863d91fc2b2fe29fc3b24ab2bffec903cac1ff6cfa26be210c6f3fd5daea3133d39beaa6d79d5959662401bf1156c82ff8dac119832c452a40b4de72c0fe2df269cb4c8fc167d98d3586efce98337ffc19f982a33ffe1798dd065df39227c3c9aaae1e33c09f1ff6383af959d8f156d29baddd62f1f13857f8764751513b5ad74ed5a6eed38a8d4d55e2fa8d1f75385cfa9c247a3257dc4ed31e6554c942dd1bcb4eb29c011ffbf4ac6444d179ace591ec4e7ebead3a21d9de0d7293faca97dd409171ba9fda2f10bedc93151e46ae5e0e3f88cf8ff5732266ab470aba168ebcf717f2b1d13857f8764751513b5fea96da98aeeee29b26a57b197e9d7da55ec1a2d8e896e7eae601513e5aab1bc6319183311ff3b2563a2a60b4de72c0fe2f3cf20a44562a2762de487fde84fd5d79baa1efda999753b6abec33151e46ae5e0e31121c4ff61c998a8d1c2a34882d73357db9216c757f9948e8937e12a9f1e3ce398f84891b5abc06af4fd91c2e791c247a3c557df3e72a393654cc457f54456cc1b3e0238e2ffa4644cd474d15374c1f2203eea40649398883eccaf76f500663126dea8d73a058647cd51275cb498d8cbbe578d893da2cbbec33151e46ae5e00bbd26e11f65326d8a891a2d7c8558f05ea4b618e3fc5ad7d23191af757573bd4bf1b5aea81f8e893d4556ed6a47eed73d854f4fe1a3d1e29f9eecb9d149c07e9a17137b0047fcfb1bfcb448179ace591ec4ef010ec744f461a9fb61bf2e0875c2458b8955af0baa99753b96898922575e4cc46b8510ff97b688892f022fb9bea8e82747f8aa3b173111ed9dd7dfee900e043f2ad9dfb46b02b59f2b6179101f75c0fdedfa5fc958e9ee0474a3e98ed71982ffab25fc272df8b3731887dfd3cda593b645699fbb0f7be06cc326f0dd64afb4b07db57c31da49daa7bd12c5afac6a3fa95cd4df317fa5e1e3cf0921fe6736d84b3b47253a382ae0833f69e4d2aec391e749bc149f129fe5d20038e2bfb9410769db53dff95c7dd59e94a79323a2bee7151dd177fdda4e8df819a3cf27857f8764b5dc6797f349ed5c29ea47fa62ea9b2766d52f8c622ba1d593ca360feab1818c3d6578650e01ba3a9ce7e2b0a1e86a1f6067d9a7b75bf1b5838cfb397c6d3baddb4df6d57dbe6ddb7af357b4dd1c80f1bd4def797ca1be7a8eb0bc0dc70ec011ff6db8fff28fb3efc74afda243c17cc0bc515ddffe268d082ff1d33db31e50392ef1c080ede17ed924fdd4143a7c9fd6d3928b809a2283665f913f1d4845cf070adced6fd8059ec87c04edd67c8a0f9d0afed74a2e0cb4dfffd3062b9607f15107bc898d93b1e5845aa98707e9b5baec2b47205f112dedef03854ed1617fcd0ff8dd7feda502adefb3def3368c855e93f0ff66835dddfef6e8ca2ff14059c3e4dbba49f87f57d22f353f2bf24bed801aea806d89fe2275eb4a3bb07f687537f9651eadaa7e59f43ba50705f21c923c88cb8bbca6528fc7b6b468feca075da57e9e7ff32131c1ffe792f17cd3988c8b20ae23f5d2e2f67dcaf287bc857f47699f8b458a76c819f5c363a436c65fc7fa01f9eefa8ef9f3404b7ce219be875afa0e2f7976d3de43e5f525d62d5a2fd608867cb464e975d1d2ec9dfe3bcbfef6762ced1c7dd9a2afcdc1f35e3c44393899756cf2edaaad936dea88c7c18659b731f2e735de7f6f18d7b4b6d50bdae622918e6d6b14b4cdb1bff8acbbefc3faf87fc817b4176cb47911af4bda8a9eb597111a04d35ed2753be75ed967db39f7ff6fb1d181b64e4be3d249dbd48d0e9c2737812fb6d198f5f5675ab65d17682ff1340986f1eb16c1b4f968d10b62dad82f7e77acf0633fd4721635921bdb8cf8bc76155be7cdd5392f23f8df2bb921a3e5808be63ea91cb50ce038f68db417eca414bd44aa5d42c0f30f2d56b08fb30eb8f0e610ea2295d987bec37852ae3b56babde4e2fdf9445a3e8a57373f5e69345b0534b51890370f6c2afcb4b949faef2cfbdbdbb170ccc479a0761105c7cc834cd04df93b379ba6de40db7b9352f4d232c7492dde6971428b9355e31dde755825ded51479347f14bcb652cfa2eff845feaec9cc7b8f8e72424b9fd6d6d7a8578e55451bddda3852b417acd94af660d2d2ba5cf1c2b89f96fdcb950c0d055fe468127e2f434efbc243f2aba6c2efbd17ae0af06a399f22dbdab3acaef49bf6e50ac7b67dd3d2b95ce9a1413c519e3dc2c7ef683b79f6cb8d152c2d874833fbacc333e129b63d00d8e1e5665a4d855657c13f205a6d85163e9376a7767e9c217488a765dbf8e8537987771cadb343c7736bcff1d9025f7b1108d73243f04b84e5bdfc963766bf0971e253d9f7a231a6687ea2e579f2ce98d89ebb6a6b1d1efbda6e7897de0711fed77599489be4e1b911dbc6d1652b91c8a3ed236b176ddcc9feb1cd50be43a023cfc4b7343f445db31ecae4aeb5fdf1aaeb8d1ac1b47d163c9b817d85e9885ef2fa3be76a05ff77a0bf5f507f477e2e728aec6f8e728a4b7fbbbd41477939c53fdcb08ea9517d63d67396c6545ffff20bc1da3ebea6578e738e2ee459e66af110b3a657be9047f0e3927ad5f454a457ed90b6963b10dda1ce8f893f9f5b401b48bd9beebf4f36e8f919e698facf3ac7c47924f413ce3f6967d1b6cd2361bc1559f71559d1be3c66b581569598ffd512fe90470be79a3f03c748153949c40000>,
    "metadataHash": Fr<0x1a8b89c75f0ad79c19ba53a8bdfcb25bd4f8d33bfa11f1f52528a8ee58fc2543>,
    "selector": Selector<0xd9183919>,
  },
}
`;
