// Jest Snapshot v1, https://goo.gl/fbAQLP

exports[`ContractAddress Address from partial matches Noir 1`] = `"0x0447f893197175723deb223696e2e96dbba1e707ee8507766373558877e74197"`;

exports[`ContractAddress Public key hash matches Noir 1`] = `"0x1923a6246e305720b6aaf751fde0342613e93c82e455c3831e28375c16dd40d8"`;

exports[`ContractAddress computeContractAddressFromInstance 1`] = `"0x2fd71a4f0742364f194dd16d0ae32d2f47845ddc7f5d328f37d4148b565c4123"`;

exports[`ContractAddress computeInitializationHash 1`] = `
Fr {
  "asBigInt": 11287307308183188516369033835241775664908452274022428157981236923904607656063n,
  "asBuffer": {
    "data": [
      24,
      244,
      99,
      184,
      236,
      16,
      42,
      8,
      156,
      101,
      39,
      106,
      125,
      199,
      236,
      87,
      43,
      9,
      28,
      163,
      148,
      181,
      224,
      108,
      3,
      191,
      211,
      120,
      203,
      68,
      24,
      127,
    ],
    "type": "Buffer",
  },
}
`;

exports[`ContractAddress computePartialAddress 1`] = `
Fr {
  "asBigInt": 11370807533904788559065519582196668367978392224620203970943957018221100220632n,
  "asBuffer": {
    "data": [
      25,
      35,
      166,
      36,
      110,
      48,
      87,
      32,
      182,
      170,
      247,
      81,
      253,
      224,
      52,
      38,
      19,
      233,
      60,
      130,
      228,
      85,
      195,
      131,
      30,
      40,
      55,
      92,
      22,
      221,
      64,
      216,
    ],
    "type": "Buffer",
  },
}
`;

exports[`ContractAddress computeSaltedInitializationHash 1`] = `
Fr {
  "asBigInt": 11725758444245911667025964940014811412794639055001970719147766917493953867026n,
  "asBuffer": {
    "data": [
      25,
      236,
      139,
      73,
      109,
      192,
      136,
      17,
      189,
      50,
      237,
      56,
      134,
      9,
      56,
      184,
      97,
      39,
      147,
      221,
      79,
      57,
      195,
      179,
      116,
      155,
      140,
      213,
      210,
      243,
      45,
      18,
    ],
    "type": "Buffer",
  },
}
`;
