// Jest Snapshot v1, https://goo.gl/fbAQLP

exports[`Data generation for noir tests Computes contract info for defaultContract 1`] = `
"{
  contract_address_salt: 0x000000000000000000000000000000000000000000000000000000000000ddd5,
  artifact_hash: 0x0000000000000000000000000000000000000000000000000000000000003039,
  public_bytecode_commitment: 0x0000000000000000000000000000000000000000000000000000000000000005,
  private_functions_root: 0x25d76df45434ec75a83321daf941cfc667ff3a9027942e17105da4f50d1d13f9,
  address: AztecAddress { inner: 0x07a6b468dff245b1d9482de2b5048383549766d3641760aed17727525cd9baa1 },
  partial_address: PartialAddress { inner: 0x0cf203c94c91bed28440b00ecd888d88cce1f86ddf2aa8d33acbb9b6fc06d382 },
  contract_class_id: ContractClassId { inner: 0x28e91aaf764bc6083e2796ff884079ad895d4b948d6ce8f37f01b29d0bc95a21 },
  public_keys: PublicKeys { inner: 01498945581e0eb9f8427ad6021184c700ef091d570892c437d12c7d90364bbd170ae506787c5c43d6ca9255d571c10fa9ffa9d141666e290c347c5c9ab7e34400c044b05b6ca83b9c2dbae79cc1135155956a64e136819136e9947fe5e5866c1c1f0ca244c7cd46b682552bff8ae77dea40b966a71de076ec3b7678f2bdb1511b00316144359e9a3ec8e49c1cdb7eeb0cedd190dfd9dc90eea5115aa779e287080ffc74d7a8b0bccb88ac11f45874172f3847eb8b92654aaa58a3d2b8dc7833019c111f36ad3fc1d9b7a7a14344314d2864b94f030594cd67f753ef774a1efb2039907fe37f08d10739255141bb066c506a12f7d1e8dfec21abc58494705b6f },
  salted_initialization_hash: SaltedInitializationHash { inner: 0x13a939daa511233e5446905ed2cadbee14948fa75df183b53b5c14b612bffe88 },
  deployer: AztecAddress { inner: 0x0000000000000000000000000000000000000000000000000000000000000000 }
}"
`;

exports[`Data generation for noir tests Computes contract info for parentContract 1`] = `
"{
  contract_address_salt: 0x0000000000000000000000000000000000000000000000000000000000001618,
  artifact_hash: 0x00000000000000000000000000000000000000000000000000000000000004bc,
  public_bytecode_commitment: 0x0000000000000000000000000000000000000000000000000000000000000005,
  private_functions_root: 0x1228b39ba6702af03e595300e8484c6373f00790d0148cc3d4ff0fd1c778a83a,
  address: AztecAddress { inner: 0x030a8041016cd781040145827932d85ef3c9211204aafd6cf033f91295fc4946 },
  partial_address: PartialAddress { inner: 0x245df9f519d616473880260dd64b19a838081bb44dc17cd6ea5d870a63d2bf57 },
  contract_class_id: ContractClassId { inner: 0x00236b0dc6c537d5106543053c5b85c4cbe95b0474f8238b094bae63f1cbcfee },
  public_keys: PublicKeys { inner: 01498945581e0eb9f8427ad6021184c700ef091d570892c437d12c7d90364bbd170ae506787c5c43d6ca9255d571c10fa9ffa9d141666e290c347c5c9ab7e34400c044b05b6ca83b9c2dbae79cc1135155956a64e136819136e9947fe5e5866c1c1f0ca244c7cd46b682552bff8ae77dea40b966a71de076ec3b7678f2bdb1511b00316144359e9a3ec8e49c1cdb7eeb0cedd190dfd9dc90eea5115aa779e287080ffc74d7a8b0bccb88ac11f45874172f3847eb8b92654aaa58a3d2b8dc7833019c111f36ad3fc1d9b7a7a14344314d2864b94f030594cd67f753ef774a1efb2039907fe37f08d10739255141bb066c506a12f7d1e8dfec21abc58494705b6f },
  salted_initialization_hash: SaltedInitializationHash { inner: 0x24bd6ac7a182e2cf25e437c72f53544ef81dfd97d9afee23abb07a638e7be749 },
  deployer: AztecAddress { inner: 0x0000000000000000000000000000000000000000000000000000000000000000 }
}"
`;

exports[`Data generation for noir tests Computes function tree for defaultContract 1`] = `
[
  {
    "index": 0,
    "leaf": "0be91a61ae34b803eda7f42a012617acabe2d5442311a009db68ac12db3f4edb",
    "siblingPath": [
      "1eca11cd2abe68905eab86bc4f207cde29eb7c2b4c2c9b27e3d8c2f8b8234c87",
      "233d10e0c959338e062b1c76fb81e17fcf61643da568eac372bb7feac8bfa357",
      "0e1ce4f11f4d51a7d3136abbd625315fff3876d322e46ad8401da96f8e43a614",
      "1a0ca5eecb1430479902264f04e557160a4666fb42bb8b283c6397e3d17ac937",
      "2a6595890719fef7967c209488728aa5342438ba52058a3c770202f55acf6854",
    ],
  },
  {
    "index": 1,
    "leaf": "1eca11cd2abe68905eab86bc4f207cde29eb7c2b4c2c9b27e3d8c2f8b8234c87",
    "siblingPath": [
      "0be91a61ae34b803eda7f42a012617acabe2d5442311a009db68ac12db3f4edb",
      "233d10e0c959338e062b1c76fb81e17fcf61643da568eac372bb7feac8bfa357",
      "0e1ce4f11f4d51a7d3136abbd625315fff3876d322e46ad8401da96f8e43a614",
      "1a0ca5eecb1430479902264f04e557160a4666fb42bb8b283c6397e3d17ac937",
      "2a6595890719fef7967c209488728aa5342438ba52058a3c770202f55acf6854",
    ],
  },
  {
    "index": 2,
    "leaf": "27b1d0839a5b23baf12a8d195b18ac288fcf401afb2f70b8a4b529ede5fa9fed",
    "siblingPath": [
      "27b1d0839a5b23baf12a8d195b18ac288fcf401afb2f70b8a4b529ede5fa9fed",
      "1204fec45a58f11be9981f153319860aea2ece9152efab01885006e53dd70a79",
      "0e1ce4f11f4d51a7d3136abbd625315fff3876d322e46ad8401da96f8e43a614",
      "1a0ca5eecb1430479902264f04e557160a4666fb42bb8b283c6397e3d17ac937",
      "2a6595890719fef7967c209488728aa5342438ba52058a3c770202f55acf6854",
    ],
  },
  {
    "index": 3,
    "leaf": "27b1d0839a5b23baf12a8d195b18ac288fcf401afb2f70b8a4b529ede5fa9fed",
    "siblingPath": [
      "27b1d0839a5b23baf12a8d195b18ac288fcf401afb2f70b8a4b529ede5fa9fed",
      "1204fec45a58f11be9981f153319860aea2ece9152efab01885006e53dd70a79",
      "0e1ce4f11f4d51a7d3136abbd625315fff3876d322e46ad8401da96f8e43a614",
      "1a0ca5eecb1430479902264f04e557160a4666fb42bb8b283c6397e3d17ac937",
      "2a6595890719fef7967c209488728aa5342438ba52058a3c770202f55acf6854",
    ],
  },
  {
    "index": 4,
    "leaf": "27b1d0839a5b23baf12a8d195b18ac288fcf401afb2f70b8a4b529ede5fa9fed",
    "siblingPath": [
      "27b1d0839a5b23baf12a8d195b18ac288fcf401afb2f70b8a4b529ede5fa9fed",
      "233d10e0c959338e062b1c76fb81e17fcf61643da568eac372bb7feac8bfa357",
      "0983f08659e1fa22c506ff1a3a9e0f1e878926e31148240e95713ba24ad07317",
      "1a0ca5eecb1430479902264f04e557160a4666fb42bb8b283c6397e3d17ac937",
      "2a6595890719fef7967c209488728aa5342438ba52058a3c770202f55acf6854",
    ],
  },
  {
    "index": 5,
    "leaf": "27b1d0839a5b23baf12a8d195b18ac288fcf401afb2f70b8a4b529ede5fa9fed",
    "siblingPath": [
      "27b1d0839a5b23baf12a8d195b18ac288fcf401afb2f70b8a4b529ede5fa9fed",
      "233d10e0c959338e062b1c76fb81e17fcf61643da568eac372bb7feac8bfa357",
      "0983f08659e1fa22c506ff1a3a9e0f1e878926e31148240e95713ba24ad07317",
      "1a0ca5eecb1430479902264f04e557160a4666fb42bb8b283c6397e3d17ac937",
      "2a6595890719fef7967c209488728aa5342438ba52058a3c770202f55acf6854",
    ],
  },
  {
    "index": 6,
    "leaf": "27b1d0839a5b23baf12a8d195b18ac288fcf401afb2f70b8a4b529ede5fa9fed",
    "siblingPath": [
      "27b1d0839a5b23baf12a8d195b18ac288fcf401afb2f70b8a4b529ede5fa9fed",
      "233d10e0c959338e062b1c76fb81e17fcf61643da568eac372bb7feac8bfa357",
      "0983f08659e1fa22c506ff1a3a9e0f1e878926e31148240e95713ba24ad07317",
      "1a0ca5eecb1430479902264f04e557160a4666fb42bb8b283c6397e3d17ac937",
      "2a6595890719fef7967c209488728aa5342438ba52058a3c770202f55acf6854",
    ],
  },
  {
    "index": 7,
    "leaf": "27b1d0839a5b23baf12a8d195b18ac288fcf401afb2f70b8a4b529ede5fa9fed",
    "siblingPath": [
      "27b1d0839a5b23baf12a8d195b18ac288fcf401afb2f70b8a4b529ede5fa9fed",
      "233d10e0c959338e062b1c76fb81e17fcf61643da568eac372bb7feac8bfa357",
      "0983f08659e1fa22c506ff1a3a9e0f1e878926e31148240e95713ba24ad07317",
      "1a0ca5eecb1430479902264f04e557160a4666fb42bb8b283c6397e3d17ac937",
      "2a6595890719fef7967c209488728aa5342438ba52058a3c770202f55acf6854",
    ],
  },
  {
    "index": 8,
    "leaf": "27b1d0839a5b23baf12a8d195b18ac288fcf401afb2f70b8a4b529ede5fa9fed",
    "siblingPath": [
      "27b1d0839a5b23baf12a8d195b18ac288fcf401afb2f70b8a4b529ede5fa9fed",
      "233d10e0c959338e062b1c76fb81e17fcf61643da568eac372bb7feac8bfa357",
      "0e1ce4f11f4d51a7d3136abbd625315fff3876d322e46ad8401da96f8e43a614",
      "297ba9c74be6e902b5c01e3cd8571c5b4c55ec4604ba69d3f4ea3918ed2f774d",
      "2a6595890719fef7967c209488728aa5342438ba52058a3c770202f55acf6854",
    ],
  },
  {
    "index": 9,
    "leaf": "27b1d0839a5b23baf12a8d195b18ac288fcf401afb2f70b8a4b529ede5fa9fed",
    "siblingPath": [
      "27b1d0839a5b23baf12a8d195b18ac288fcf401afb2f70b8a4b529ede5fa9fed",
      "233d10e0c959338e062b1c76fb81e17fcf61643da568eac372bb7feac8bfa357",
      "0e1ce4f11f4d51a7d3136abbd625315fff3876d322e46ad8401da96f8e43a614",
      "297ba9c74be6e902b5c01e3cd8571c5b4c55ec4604ba69d3f4ea3918ed2f774d",
      "2a6595890719fef7967c209488728aa5342438ba52058a3c770202f55acf6854",
    ],
  },
  {
    "index": 10,
    "leaf": "27b1d0839a5b23baf12a8d195b18ac288fcf401afb2f70b8a4b529ede5fa9fed",
    "siblingPath": [
      "27b1d0839a5b23baf12a8d195b18ac288fcf401afb2f70b8a4b529ede5fa9fed",
      "233d10e0c959338e062b1c76fb81e17fcf61643da568eac372bb7feac8bfa357",
      "0e1ce4f11f4d51a7d3136abbd625315fff3876d322e46ad8401da96f8e43a614",
      "297ba9c74be6e902b5c01e3cd8571c5b4c55ec4604ba69d3f4ea3918ed2f774d",
      "2a6595890719fef7967c209488728aa5342438ba52058a3c770202f55acf6854",
    ],
  },
  {
    "index": 11,
    "leaf": "27b1d0839a5b23baf12a8d195b18ac288fcf401afb2f70b8a4b529ede5fa9fed",
    "siblingPath": [
      "27b1d0839a5b23baf12a8d195b18ac288fcf401afb2f70b8a4b529ede5fa9fed",
      "233d10e0c959338e062b1c76fb81e17fcf61643da568eac372bb7feac8bfa357",
      "0e1ce4f11f4d51a7d3136abbd625315fff3876d322e46ad8401da96f8e43a614",
      "297ba9c74be6e902b5c01e3cd8571c5b4c55ec4604ba69d3f4ea3918ed2f774d",
      "2a6595890719fef7967c209488728aa5342438ba52058a3c770202f55acf6854",
    ],
  },
  {
    "index": 12,
    "leaf": "27b1d0839a5b23baf12a8d195b18ac288fcf401afb2f70b8a4b529ede5fa9fed",
    "siblingPath": [
      "27b1d0839a5b23baf12a8d195b18ac288fcf401afb2f70b8a4b529ede5fa9fed",
      "233d10e0c959338e062b1c76fb81e17fcf61643da568eac372bb7feac8bfa357",
      "0e1ce4f11f4d51a7d3136abbd625315fff3876d322e46ad8401da96f8e43a614",
      "297ba9c74be6e902b5c01e3cd8571c5b4c55ec4604ba69d3f4ea3918ed2f774d",
      "2a6595890719fef7967c209488728aa5342438ba52058a3c770202f55acf6854",
    ],
  },
  {
    "index": 13,
    "leaf": "27b1d0839a5b23baf12a8d195b18ac288fcf401afb2f70b8a4b529ede5fa9fed",
    "siblingPath": [
      "27b1d0839a5b23baf12a8d195b18ac288fcf401afb2f70b8a4b529ede5fa9fed",
      "233d10e0c959338e062b1c76fb81e17fcf61643da568eac372bb7feac8bfa357",
      "0e1ce4f11f4d51a7d3136abbd625315fff3876d322e46ad8401da96f8e43a614",
      "297ba9c74be6e902b5c01e3cd8571c5b4c55ec4604ba69d3f4ea3918ed2f774d",
      "2a6595890719fef7967c209488728aa5342438ba52058a3c770202f55acf6854",
    ],
  },
  {
    "index": 14,
    "leaf": "27b1d0839a5b23baf12a8d195b18ac288fcf401afb2f70b8a4b529ede5fa9fed",
    "siblingPath": [
      "27b1d0839a5b23baf12a8d195b18ac288fcf401afb2f70b8a4b529ede5fa9fed",
      "233d10e0c959338e062b1c76fb81e17fcf61643da568eac372bb7feac8bfa357",
      "0e1ce4f11f4d51a7d3136abbd625315fff3876d322e46ad8401da96f8e43a614",
      "297ba9c74be6e902b5c01e3cd8571c5b4c55ec4604ba69d3f4ea3918ed2f774d",
      "2a6595890719fef7967c209488728aa5342438ba52058a3c770202f55acf6854",
    ],
  },
  {
    "index": 15,
    "leaf": "27b1d0839a5b23baf12a8d195b18ac288fcf401afb2f70b8a4b529ede5fa9fed",
    "siblingPath": [
      "27b1d0839a5b23baf12a8d195b18ac288fcf401afb2f70b8a4b529ede5fa9fed",
      "233d10e0c959338e062b1c76fb81e17fcf61643da568eac372bb7feac8bfa357",
      "0e1ce4f11f4d51a7d3136abbd625315fff3876d322e46ad8401da96f8e43a614",
      "297ba9c74be6e902b5c01e3cd8571c5b4c55ec4604ba69d3f4ea3918ed2f774d",
      "2a6595890719fef7967c209488728aa5342438ba52058a3c770202f55acf6854",
    ],
  },
  {
    "index": 16,
    "leaf": "27b1d0839a5b23baf12a8d195b18ac288fcf401afb2f70b8a4b529ede5fa9fed",
    "siblingPath": [
      "27b1d0839a5b23baf12a8d195b18ac288fcf401afb2f70b8a4b529ede5fa9fed",
      "233d10e0c959338e062b1c76fb81e17fcf61643da568eac372bb7feac8bfa357",
      "0e1ce4f11f4d51a7d3136abbd625315fff3876d322e46ad8401da96f8e43a614",
      "1a0ca5eecb1430479902264f04e557160a4666fb42bb8b283c6397e3d17ac937",
      "2efc9b3a3a683ffc3ad9c789bae66e43272ffa3663bc9d9580f0207c4192fada",
    ],
  },
  {
    "index": 17,
    "leaf": "27b1d0839a5b23baf12a8d195b18ac288fcf401afb2f70b8a4b529ede5fa9fed",
    "siblingPath": [
      "27b1d0839a5b23baf12a8d195b18ac288fcf401afb2f70b8a4b529ede5fa9fed",
      "233d10e0c959338e062b1c76fb81e17fcf61643da568eac372bb7feac8bfa357",
      "0e1ce4f11f4d51a7d3136abbd625315fff3876d322e46ad8401da96f8e43a614",
      "1a0ca5eecb1430479902264f04e557160a4666fb42bb8b283c6397e3d17ac937",
      "2efc9b3a3a683ffc3ad9c789bae66e43272ffa3663bc9d9580f0207c4192fada",
    ],
  },
  {
    "index": 18,
    "leaf": "27b1d0839a5b23baf12a8d195b18ac288fcf401afb2f70b8a4b529ede5fa9fed",
    "siblingPath": [
      "27b1d0839a5b23baf12a8d195b18ac288fcf401afb2f70b8a4b529ede5fa9fed",
      "233d10e0c959338e062b1c76fb81e17fcf61643da568eac372bb7feac8bfa357",
      "0e1ce4f11f4d51a7d3136abbd625315fff3876d322e46ad8401da96f8e43a614",
      "1a0ca5eecb1430479902264f04e557160a4666fb42bb8b283c6397e3d17ac937",
      "2efc9b3a3a683ffc3ad9c789bae66e43272ffa3663bc9d9580f0207c4192fada",
    ],
  },
  {
    "index": 19,
    "leaf": "27b1d0839a5b23baf12a8d195b18ac288fcf401afb2f70b8a4b529ede5fa9fed",
    "siblingPath": [
      "27b1d0839a5b23baf12a8d195b18ac288fcf401afb2f70b8a4b529ede5fa9fed",
      "233d10e0c959338e062b1c76fb81e17fcf61643da568eac372bb7feac8bfa357",
      "0e1ce4f11f4d51a7d3136abbd625315fff3876d322e46ad8401da96f8e43a614",
      "1a0ca5eecb1430479902264f04e557160a4666fb42bb8b283c6397e3d17ac937",
      "2efc9b3a3a683ffc3ad9c789bae66e43272ffa3663bc9d9580f0207c4192fada",
    ],
  },
  {
    "index": 20,
    "leaf": "27b1d0839a5b23baf12a8d195b18ac288fcf401afb2f70b8a4b529ede5fa9fed",
    "siblingPath": [
      "27b1d0839a5b23baf12a8d195b18ac288fcf401afb2f70b8a4b529ede5fa9fed",
      "233d10e0c959338e062b1c76fb81e17fcf61643da568eac372bb7feac8bfa357",
      "0e1ce4f11f4d51a7d3136abbd625315fff3876d322e46ad8401da96f8e43a614",
      "1a0ca5eecb1430479902264f04e557160a4666fb42bb8b283c6397e3d17ac937",
      "2efc9b3a3a683ffc3ad9c789bae66e43272ffa3663bc9d9580f0207c4192fada",
    ],
  },
  {
    "index": 21,
    "leaf": "27b1d0839a5b23baf12a8d195b18ac288fcf401afb2f70b8a4b529ede5fa9fed",
    "siblingPath": [
      "27b1d0839a5b23baf12a8d195b18ac288fcf401afb2f70b8a4b529ede5fa9fed",
      "233d10e0c959338e062b1c76fb81e17fcf61643da568eac372bb7feac8bfa357",
      "0e1ce4f11f4d51a7d3136abbd625315fff3876d322e46ad8401da96f8e43a614",
      "1a0ca5eecb1430479902264f04e557160a4666fb42bb8b283c6397e3d17ac937",
      "2efc9b3a3a683ffc3ad9c789bae66e43272ffa3663bc9d9580f0207c4192fada",
    ],
  },
  {
    "index": 22,
    "leaf": "27b1d0839a5b23baf12a8d195b18ac288fcf401afb2f70b8a4b529ede5fa9fed",
    "siblingPath": [
      "27b1d0839a5b23baf12a8d195b18ac288fcf401afb2f70b8a4b529ede5fa9fed",
      "233d10e0c959338e062b1c76fb81e17fcf61643da568eac372bb7feac8bfa357",
      "0e1ce4f11f4d51a7d3136abbd625315fff3876d322e46ad8401da96f8e43a614",
      "1a0ca5eecb1430479902264f04e557160a4666fb42bb8b283c6397e3d17ac937",
      "2efc9b3a3a683ffc3ad9c789bae66e43272ffa3663bc9d9580f0207c4192fada",
    ],
  },
  {
    "index": 23,
    "leaf": "27b1d0839a5b23baf12a8d195b18ac288fcf401afb2f70b8a4b529ede5fa9fed",
    "siblingPath": [
      "27b1d0839a5b23baf12a8d195b18ac288fcf401afb2f70b8a4b529ede5fa9fed",
      "233d10e0c959338e062b1c76fb81e17fcf61643da568eac372bb7feac8bfa357",
      "0e1ce4f11f4d51a7d3136abbd625315fff3876d322e46ad8401da96f8e43a614",
      "1a0ca5eecb1430479902264f04e557160a4666fb42bb8b283c6397e3d17ac937",
      "2efc9b3a3a683ffc3ad9c789bae66e43272ffa3663bc9d9580f0207c4192fada",
    ],
  },
  {
    "index": 24,
    "leaf": "27b1d0839a5b23baf12a8d195b18ac288fcf401afb2f70b8a4b529ede5fa9fed",
    "siblingPath": [
      "27b1d0839a5b23baf12a8d195b18ac288fcf401afb2f70b8a4b529ede5fa9fed",
      "233d10e0c959338e062b1c76fb81e17fcf61643da568eac372bb7feac8bfa357",
      "0e1ce4f11f4d51a7d3136abbd625315fff3876d322e46ad8401da96f8e43a614",
      "1a0ca5eecb1430479902264f04e557160a4666fb42bb8b283c6397e3d17ac937",
      "2efc9b3a3a683ffc3ad9c789bae66e43272ffa3663bc9d9580f0207c4192fada",
    ],
  },
  {
    "index": 25,
    "leaf": "27b1d0839a5b23baf12a8d195b18ac288fcf401afb2f70b8a4b529ede5fa9fed",
    "siblingPath": [
      "27b1d0839a5b23baf12a8d195b18ac288fcf401afb2f70b8a4b529ede5fa9fed",
      "233d10e0c959338e062b1c76fb81e17fcf61643da568eac372bb7feac8bfa357",
      "0e1ce4f11f4d51a7d3136abbd625315fff3876d322e46ad8401da96f8e43a614",
      "1a0ca5eecb1430479902264f04e557160a4666fb42bb8b283c6397e3d17ac937",
      "2efc9b3a3a683ffc3ad9c789bae66e43272ffa3663bc9d9580f0207c4192fada",
    ],
  },
  {
    "index": 26,
    "leaf": "27b1d0839a5b23baf12a8d195b18ac288fcf401afb2f70b8a4b529ede5fa9fed",
    "siblingPath": [
      "27b1d0839a5b23baf12a8d195b18ac288fcf401afb2f70b8a4b529ede5fa9fed",
      "233d10e0c959338e062b1c76fb81e17fcf61643da568eac372bb7feac8bfa357",
      "0e1ce4f11f4d51a7d3136abbd625315fff3876d322e46ad8401da96f8e43a614",
      "1a0ca5eecb1430479902264f04e557160a4666fb42bb8b283c6397e3d17ac937",
      "2efc9b3a3a683ffc3ad9c789bae66e43272ffa3663bc9d9580f0207c4192fada",
    ],
  },
  {
    "index": 27,
    "leaf": "27b1d0839a5b23baf12a8d195b18ac288fcf401afb2f70b8a4b529ede5fa9fed",
    "siblingPath": [
      "27b1d0839a5b23baf12a8d195b18ac288fcf401afb2f70b8a4b529ede5fa9fed",
      "233d10e0c959338e062b1c76fb81e17fcf61643da568eac372bb7feac8bfa357",
      "0e1ce4f11f4d51a7d3136abbd625315fff3876d322e46ad8401da96f8e43a614",
      "1a0ca5eecb1430479902264f04e557160a4666fb42bb8b283c6397e3d17ac937",
      "2efc9b3a3a683ffc3ad9c789bae66e43272ffa3663bc9d9580f0207c4192fada",
    ],
  },
  {
    "index": 28,
    "leaf": "27b1d0839a5b23baf12a8d195b18ac288fcf401afb2f70b8a4b529ede5fa9fed",
    "siblingPath": [
      "27b1d0839a5b23baf12a8d195b18ac288fcf401afb2f70b8a4b529ede5fa9fed",
      "233d10e0c959338e062b1c76fb81e17fcf61643da568eac372bb7feac8bfa357",
      "0e1ce4f11f4d51a7d3136abbd625315fff3876d322e46ad8401da96f8e43a614",
      "1a0ca5eecb1430479902264f04e557160a4666fb42bb8b283c6397e3d17ac937",
      "2efc9b3a3a683ffc3ad9c789bae66e43272ffa3663bc9d9580f0207c4192fada",
    ],
  },
  {
    "index": 29,
    "leaf": "27b1d0839a5b23baf12a8d195b18ac288fcf401afb2f70b8a4b529ede5fa9fed",
    "siblingPath": [
      "27b1d0839a5b23baf12a8d195b18ac288fcf401afb2f70b8a4b529ede5fa9fed",
      "233d10e0c959338e062b1c76fb81e17fcf61643da568eac372bb7feac8bfa357",
      "0e1ce4f11f4d51a7d3136abbd625315fff3876d322e46ad8401da96f8e43a614",
      "1a0ca5eecb1430479902264f04e557160a4666fb42bb8b283c6397e3d17ac937",
      "2efc9b3a3a683ffc3ad9c789bae66e43272ffa3663bc9d9580f0207c4192fada",
    ],
  },
  {
    "index": 30,
    "leaf": "27b1d0839a5b23baf12a8d195b18ac288fcf401afb2f70b8a4b529ede5fa9fed",
    "siblingPath": [
      "27b1d0839a5b23baf12a8d195b18ac288fcf401afb2f70b8a4b529ede5fa9fed",
      "233d10e0c959338e062b1c76fb81e17fcf61643da568eac372bb7feac8bfa357",
      "0e1ce4f11f4d51a7d3136abbd625315fff3876d322e46ad8401da96f8e43a614",
      "1a0ca5eecb1430479902264f04e557160a4666fb42bb8b283c6397e3d17ac937",
      "2efc9b3a3a683ffc3ad9c789bae66e43272ffa3663bc9d9580f0207c4192fada",
    ],
  },
  {
    "index": 31,
    "leaf": "27b1d0839a5b23baf12a8d195b18ac288fcf401afb2f70b8a4b529ede5fa9fed",
    "siblingPath": [
      "27b1d0839a5b23baf12a8d195b18ac288fcf401afb2f70b8a4b529ede5fa9fed",
      "233d10e0c959338e062b1c76fb81e17fcf61643da568eac372bb7feac8bfa357",
      "0e1ce4f11f4d51a7d3136abbd625315fff3876d322e46ad8401da96f8e43a614",
      "1a0ca5eecb1430479902264f04e557160a4666fb42bb8b283c6397e3d17ac937",
      "2efc9b3a3a683ffc3ad9c789bae66e43272ffa3663bc9d9580f0207c4192fada",
    ],
  },
]
`;

exports[`Data generation for noir tests Computes function tree for parentContract 1`] = `
[
  {
    "index": 0,
    "leaf": "1ee8cc7be382b517559b55384a8a19eb75801364df37f14ef21c29f49ee2f018",
    "siblingPath": [
      "27b1d0839a5b23baf12a8d195b18ac288fcf401afb2f70b8a4b529ede5fa9fed",
      "233d10e0c959338e062b1c76fb81e17fcf61643da568eac372bb7feac8bfa357",
      "0e1ce4f11f4d51a7d3136abbd625315fff3876d322e46ad8401da96f8e43a614",
      "1a0ca5eecb1430479902264f04e557160a4666fb42bb8b283c6397e3d17ac937",
      "2a6595890719fef7967c209488728aa5342438ba52058a3c770202f55acf6854",
    ],
  },
  {
    "index": 1,
    "leaf": "27b1d0839a5b23baf12a8d195b18ac288fcf401afb2f70b8a4b529ede5fa9fed",
    "siblingPath": [
      "1ee8cc7be382b517559b55384a8a19eb75801364df37f14ef21c29f49ee2f018",
      "233d10e0c959338e062b1c76fb81e17fcf61643da568eac372bb7feac8bfa357",
      "0e1ce4f11f4d51a7d3136abbd625315fff3876d322e46ad8401da96f8e43a614",
      "1a0ca5eecb1430479902264f04e557160a4666fb42bb8b283c6397e3d17ac937",
      "2a6595890719fef7967c209488728aa5342438ba52058a3c770202f55acf6854",
    ],
  },
  {
    "index": 2,
    "leaf": "27b1d0839a5b23baf12a8d195b18ac288fcf401afb2f70b8a4b529ede5fa9fed",
    "siblingPath": [
      "27b1d0839a5b23baf12a8d195b18ac288fcf401afb2f70b8a4b529ede5fa9fed",
      "033e01e76f5aadb4344103cc8a554c8455a12d34b36337a77f15e6a48d41095f",
      "0e1ce4f11f4d51a7d3136abbd625315fff3876d322e46ad8401da96f8e43a614",
      "1a0ca5eecb1430479902264f04e557160a4666fb42bb8b283c6397e3d17ac937",
      "2a6595890719fef7967c209488728aa5342438ba52058a3c770202f55acf6854",
    ],
  },
  {
    "index": 3,
    "leaf": "27b1d0839a5b23baf12a8d195b18ac288fcf401afb2f70b8a4b529ede5fa9fed",
    "siblingPath": [
      "27b1d0839a5b23baf12a8d195b18ac288fcf401afb2f70b8a4b529ede5fa9fed",
      "033e01e76f5aadb4344103cc8a554c8455a12d34b36337a77f15e6a48d41095f",
      "0e1ce4f11f4d51a7d3136abbd625315fff3876d322e46ad8401da96f8e43a614",
      "1a0ca5eecb1430479902264f04e557160a4666fb42bb8b283c6397e3d17ac937",
      "2a6595890719fef7967c209488728aa5342438ba52058a3c770202f55acf6854",
    ],
  },
  {
    "index": 4,
    "leaf": "27b1d0839a5b23baf12a8d195b18ac288fcf401afb2f70b8a4b529ede5fa9fed",
    "siblingPath": [
      "27b1d0839a5b23baf12a8d195b18ac288fcf401afb2f70b8a4b529ede5fa9fed",
      "233d10e0c959338e062b1c76fb81e17fcf61643da568eac372bb7feac8bfa357",
      "04da68bbc138397c8d1790778ff4bd4c26a71135f4c195cd774cc48790583825",
      "1a0ca5eecb1430479902264f04e557160a4666fb42bb8b283c6397e3d17ac937",
      "2a6595890719fef7967c209488728aa5342438ba52058a3c770202f55acf6854",
    ],
  },
  {
    "index": 5,
    "leaf": "27b1d0839a5b23baf12a8d195b18ac288fcf401afb2f70b8a4b529ede5fa9fed",
    "siblingPath": [
      "27b1d0839a5b23baf12a8d195b18ac288fcf401afb2f70b8a4b529ede5fa9fed",
      "233d10e0c959338e062b1c76fb81e17fcf61643da568eac372bb7feac8bfa357",
      "04da68bbc138397c8d1790778ff4bd4c26a71135f4c195cd774cc48790583825",
      "1a0ca5eecb1430479902264f04e557160a4666fb42bb8b283c6397e3d17ac937",
      "2a6595890719fef7967c209488728aa5342438ba52058a3c770202f55acf6854",
    ],
  },
  {
    "index": 6,
    "leaf": "27b1d0839a5b23baf12a8d195b18ac288fcf401afb2f70b8a4b529ede5fa9fed",
    "siblingPath": [
      "27b1d0839a5b23baf12a8d195b18ac288fcf401afb2f70b8a4b529ede5fa9fed",
      "233d10e0c959338e062b1c76fb81e17fcf61643da568eac372bb7feac8bfa357",
      "04da68bbc138397c8d1790778ff4bd4c26a71135f4c195cd774cc48790583825",
      "1a0ca5eecb1430479902264f04e557160a4666fb42bb8b283c6397e3d17ac937",
      "2a6595890719fef7967c209488728aa5342438ba52058a3c770202f55acf6854",
    ],
  },
  {
    "index": 7,
    "leaf": "27b1d0839a5b23baf12a8d195b18ac288fcf401afb2f70b8a4b529ede5fa9fed",
    "siblingPath": [
      "27b1d0839a5b23baf12a8d195b18ac288fcf401afb2f70b8a4b529ede5fa9fed",
      "233d10e0c959338e062b1c76fb81e17fcf61643da568eac372bb7feac8bfa357",
      "04da68bbc138397c8d1790778ff4bd4c26a71135f4c195cd774cc48790583825",
      "1a0ca5eecb1430479902264f04e557160a4666fb42bb8b283c6397e3d17ac937",
      "2a6595890719fef7967c209488728aa5342438ba52058a3c770202f55acf6854",
    ],
  },
  {
    "index": 8,
    "leaf": "27b1d0839a5b23baf12a8d195b18ac288fcf401afb2f70b8a4b529ede5fa9fed",
    "siblingPath": [
      "27b1d0839a5b23baf12a8d195b18ac288fcf401afb2f70b8a4b529ede5fa9fed",
      "233d10e0c959338e062b1c76fb81e17fcf61643da568eac372bb7feac8bfa357",
      "0e1ce4f11f4d51a7d3136abbd625315fff3876d322e46ad8401da96f8e43a614",
      "17b636794aa372b6e21da48898c075d66d6cff677d455788343325d7360c3a23",
      "2a6595890719fef7967c209488728aa5342438ba52058a3c770202f55acf6854",
    ],
  },
  {
    "index": 9,
    "leaf": "27b1d0839a5b23baf12a8d195b18ac288fcf401afb2f70b8a4b529ede5fa9fed",
    "siblingPath": [
      "27b1d0839a5b23baf12a8d195b18ac288fcf401afb2f70b8a4b529ede5fa9fed",
      "233d10e0c959338e062b1c76fb81e17fcf61643da568eac372bb7feac8bfa357",
      "0e1ce4f11f4d51a7d3136abbd625315fff3876d322e46ad8401da96f8e43a614",
      "17b636794aa372b6e21da48898c075d66d6cff677d455788343325d7360c3a23",
      "2a6595890719fef7967c209488728aa5342438ba52058a3c770202f55acf6854",
    ],
  },
  {
    "index": 10,
    "leaf": "27b1d0839a5b23baf12a8d195b18ac288fcf401afb2f70b8a4b529ede5fa9fed",
    "siblingPath": [
      "27b1d0839a5b23baf12a8d195b18ac288fcf401afb2f70b8a4b529ede5fa9fed",
      "233d10e0c959338e062b1c76fb81e17fcf61643da568eac372bb7feac8bfa357",
      "0e1ce4f11f4d51a7d3136abbd625315fff3876d322e46ad8401da96f8e43a614",
      "17b636794aa372b6e21da48898c075d66d6cff677d455788343325d7360c3a23",
      "2a6595890719fef7967c209488728aa5342438ba52058a3c770202f55acf6854",
    ],
  },
  {
    "index": 11,
    "leaf": "27b1d0839a5b23baf12a8d195b18ac288fcf401afb2f70b8a4b529ede5fa9fed",
    "siblingPath": [
      "27b1d0839a5b23baf12a8d195b18ac288fcf401afb2f70b8a4b529ede5fa9fed",
      "233d10e0c959338e062b1c76fb81e17fcf61643da568eac372bb7feac8bfa357",
      "0e1ce4f11f4d51a7d3136abbd625315fff3876d322e46ad8401da96f8e43a614",
      "17b636794aa372b6e21da48898c075d66d6cff677d455788343325d7360c3a23",
      "2a6595890719fef7967c209488728aa5342438ba52058a3c770202f55acf6854",
    ],
  },
  {
    "index": 12,
    "leaf": "27b1d0839a5b23baf12a8d195b18ac288fcf401afb2f70b8a4b529ede5fa9fed",
    "siblingPath": [
      "27b1d0839a5b23baf12a8d195b18ac288fcf401afb2f70b8a4b529ede5fa9fed",
      "233d10e0c959338e062b1c76fb81e17fcf61643da568eac372bb7feac8bfa357",
      "0e1ce4f11f4d51a7d3136abbd625315fff3876d322e46ad8401da96f8e43a614",
      "17b636794aa372b6e21da48898c075d66d6cff677d455788343325d7360c3a23",
      "2a6595890719fef7967c209488728aa5342438ba52058a3c770202f55acf6854",
    ],
  },
  {
    "index": 13,
    "leaf": "27b1d0839a5b23baf12a8d195b18ac288fcf401afb2f70b8a4b529ede5fa9fed",
    "siblingPath": [
      "27b1d0839a5b23baf12a8d195b18ac288fcf401afb2f70b8a4b529ede5fa9fed",
      "233d10e0c959338e062b1c76fb81e17fcf61643da568eac372bb7feac8bfa357",
      "0e1ce4f11f4d51a7d3136abbd625315fff3876d322e46ad8401da96f8e43a614",
      "17b636794aa372b6e21da48898c075d66d6cff677d455788343325d7360c3a23",
      "2a6595890719fef7967c209488728aa5342438ba52058a3c770202f55acf6854",
    ],
  },
  {
    "index": 14,
    "leaf": "27b1d0839a5b23baf12a8d195b18ac288fcf401afb2f70b8a4b529ede5fa9fed",
    "siblingPath": [
      "27b1d0839a5b23baf12a8d195b18ac288fcf401afb2f70b8a4b529ede5fa9fed",
      "233d10e0c959338e062b1c76fb81e17fcf61643da568eac372bb7feac8bfa357",
      "0e1ce4f11f4d51a7d3136abbd625315fff3876d322e46ad8401da96f8e43a614",
      "17b636794aa372b6e21da48898c075d66d6cff677d455788343325d7360c3a23",
      "2a6595890719fef7967c209488728aa5342438ba52058a3c770202f55acf6854",
    ],
  },
  {
    "index": 15,
    "leaf": "27b1d0839a5b23baf12a8d195b18ac288fcf401afb2f70b8a4b529ede5fa9fed",
    "siblingPath": [
      "27b1d0839a5b23baf12a8d195b18ac288fcf401afb2f70b8a4b529ede5fa9fed",
      "233d10e0c959338e062b1c76fb81e17fcf61643da568eac372bb7feac8bfa357",
      "0e1ce4f11f4d51a7d3136abbd625315fff3876d322e46ad8401da96f8e43a614",
      "17b636794aa372b6e21da48898c075d66d6cff677d455788343325d7360c3a23",
      "2a6595890719fef7967c209488728aa5342438ba52058a3c770202f55acf6854",
    ],
  },
  {
    "index": 16,
    "leaf": "27b1d0839a5b23baf12a8d195b18ac288fcf401afb2f70b8a4b529ede5fa9fed",
    "siblingPath": [
      "27b1d0839a5b23baf12a8d195b18ac288fcf401afb2f70b8a4b529ede5fa9fed",
      "233d10e0c959338e062b1c76fb81e17fcf61643da568eac372bb7feac8bfa357",
      "0e1ce4f11f4d51a7d3136abbd625315fff3876d322e46ad8401da96f8e43a614",
      "1a0ca5eecb1430479902264f04e557160a4666fb42bb8b283c6397e3d17ac937",
      "07a0377a94c889eeb1fdffabe543f3f32f741bb143abecd6cdbe2661558e5a60",
    ],
  },
  {
    "index": 17,
    "leaf": "27b1d0839a5b23baf12a8d195b18ac288fcf401afb2f70b8a4b529ede5fa9fed",
    "siblingPath": [
      "27b1d0839a5b23baf12a8d195b18ac288fcf401afb2f70b8a4b529ede5fa9fed",
      "233d10e0c959338e062b1c76fb81e17fcf61643da568eac372bb7feac8bfa357",
      "0e1ce4f11f4d51a7d3136abbd625315fff3876d322e46ad8401da96f8e43a614",
      "1a0ca5eecb1430479902264f04e557160a4666fb42bb8b283c6397e3d17ac937",
      "07a0377a94c889eeb1fdffabe543f3f32f741bb143abecd6cdbe2661558e5a60",
    ],
  },
  {
    "index": 18,
    "leaf": "27b1d0839a5b23baf12a8d195b18ac288fcf401afb2f70b8a4b529ede5fa9fed",
    "siblingPath": [
      "27b1d0839a5b23baf12a8d195b18ac288fcf401afb2f70b8a4b529ede5fa9fed",
      "233d10e0c959338e062b1c76fb81e17fcf61643da568eac372bb7feac8bfa357",
      "0e1ce4f11f4d51a7d3136abbd625315fff3876d322e46ad8401da96f8e43a614",
      "1a0ca5eecb1430479902264f04e557160a4666fb42bb8b283c6397e3d17ac937",
      "07a0377a94c889eeb1fdffabe543f3f32f741bb143abecd6cdbe2661558e5a60",
    ],
  },
  {
    "index": 19,
    "leaf": "27b1d0839a5b23baf12a8d195b18ac288fcf401afb2f70b8a4b529ede5fa9fed",
    "siblingPath": [
      "27b1d0839a5b23baf12a8d195b18ac288fcf401afb2f70b8a4b529ede5fa9fed",
      "233d10e0c959338e062b1c76fb81e17fcf61643da568eac372bb7feac8bfa357",
      "0e1ce4f11f4d51a7d3136abbd625315fff3876d322e46ad8401da96f8e43a614",
      "1a0ca5eecb1430479902264f04e557160a4666fb42bb8b283c6397e3d17ac937",
      "07a0377a94c889eeb1fdffabe543f3f32f741bb143abecd6cdbe2661558e5a60",
    ],
  },
  {
    "index": 20,
    "leaf": "27b1d0839a5b23baf12a8d195b18ac288fcf401afb2f70b8a4b529ede5fa9fed",
    "siblingPath": [
      "27b1d0839a5b23baf12a8d195b18ac288fcf401afb2f70b8a4b529ede5fa9fed",
      "233d10e0c959338e062b1c76fb81e17fcf61643da568eac372bb7feac8bfa357",
      "0e1ce4f11f4d51a7d3136abbd625315fff3876d322e46ad8401da96f8e43a614",
      "1a0ca5eecb1430479902264f04e557160a4666fb42bb8b283c6397e3d17ac937",
      "07a0377a94c889eeb1fdffabe543f3f32f741bb143abecd6cdbe2661558e5a60",
    ],
  },
  {
    "index": 21,
    "leaf": "27b1d0839a5b23baf12a8d195b18ac288fcf401afb2f70b8a4b529ede5fa9fed",
    "siblingPath": [
      "27b1d0839a5b23baf12a8d195b18ac288fcf401afb2f70b8a4b529ede5fa9fed",
      "233d10e0c959338e062b1c76fb81e17fcf61643da568eac372bb7feac8bfa357",
      "0e1ce4f11f4d51a7d3136abbd625315fff3876d322e46ad8401da96f8e43a614",
      "1a0ca5eecb1430479902264f04e557160a4666fb42bb8b283c6397e3d17ac937",
      "07a0377a94c889eeb1fdffabe543f3f32f741bb143abecd6cdbe2661558e5a60",
    ],
  },
  {
    "index": 22,
    "leaf": "27b1d0839a5b23baf12a8d195b18ac288fcf401afb2f70b8a4b529ede5fa9fed",
    "siblingPath": [
      "27b1d0839a5b23baf12a8d195b18ac288fcf401afb2f70b8a4b529ede5fa9fed",
      "233d10e0c959338e062b1c76fb81e17fcf61643da568eac372bb7feac8bfa357",
      "0e1ce4f11f4d51a7d3136abbd625315fff3876d322e46ad8401da96f8e43a614",
      "1a0ca5eecb1430479902264f04e557160a4666fb42bb8b283c6397e3d17ac937",
      "07a0377a94c889eeb1fdffabe543f3f32f741bb143abecd6cdbe2661558e5a60",
    ],
  },
  {
    "index": 23,
    "leaf": "27b1d0839a5b23baf12a8d195b18ac288fcf401afb2f70b8a4b529ede5fa9fed",
    "siblingPath": [
      "27b1d0839a5b23baf12a8d195b18ac288fcf401afb2f70b8a4b529ede5fa9fed",
      "233d10e0c959338e062b1c76fb81e17fcf61643da568eac372bb7feac8bfa357",
      "0e1ce4f11f4d51a7d3136abbd625315fff3876d322e46ad8401da96f8e43a614",
      "1a0ca5eecb1430479902264f04e557160a4666fb42bb8b283c6397e3d17ac937",
      "07a0377a94c889eeb1fdffabe543f3f32f741bb143abecd6cdbe2661558e5a60",
    ],
  },
  {
    "index": 24,
    "leaf": "27b1d0839a5b23baf12a8d195b18ac288fcf401afb2f70b8a4b529ede5fa9fed",
    "siblingPath": [
      "27b1d0839a5b23baf12a8d195b18ac288fcf401afb2f70b8a4b529ede5fa9fed",
      "233d10e0c959338e062b1c76fb81e17fcf61643da568eac372bb7feac8bfa357",
      "0e1ce4f11f4d51a7d3136abbd625315fff3876d322e46ad8401da96f8e43a614",
      "1a0ca5eecb1430479902264f04e557160a4666fb42bb8b283c6397e3d17ac937",
      "07a0377a94c889eeb1fdffabe543f3f32f741bb143abecd6cdbe2661558e5a60",
    ],
  },
  {
    "index": 25,
    "leaf": "27b1d0839a5b23baf12a8d195b18ac288fcf401afb2f70b8a4b529ede5fa9fed",
    "siblingPath": [
      "27b1d0839a5b23baf12a8d195b18ac288fcf401afb2f70b8a4b529ede5fa9fed",
      "233d10e0c959338e062b1c76fb81e17fcf61643da568eac372bb7feac8bfa357",
      "0e1ce4f11f4d51a7d3136abbd625315fff3876d322e46ad8401da96f8e43a614",
      "1a0ca5eecb1430479902264f04e557160a4666fb42bb8b283c6397e3d17ac937",
      "07a0377a94c889eeb1fdffabe543f3f32f741bb143abecd6cdbe2661558e5a60",
    ],
  },
  {
    "index": 26,
    "leaf": "27b1d0839a5b23baf12a8d195b18ac288fcf401afb2f70b8a4b529ede5fa9fed",
    "siblingPath": [
      "27b1d0839a5b23baf12a8d195b18ac288fcf401afb2f70b8a4b529ede5fa9fed",
      "233d10e0c959338e062b1c76fb81e17fcf61643da568eac372bb7feac8bfa357",
      "0e1ce4f11f4d51a7d3136abbd625315fff3876d322e46ad8401da96f8e43a614",
      "1a0ca5eecb1430479902264f04e557160a4666fb42bb8b283c6397e3d17ac937",
      "07a0377a94c889eeb1fdffabe543f3f32f741bb143abecd6cdbe2661558e5a60",
    ],
  },
  {
    "index": 27,
    "leaf": "27b1d0839a5b23baf12a8d195b18ac288fcf401afb2f70b8a4b529ede5fa9fed",
    "siblingPath": [
      "27b1d0839a5b23baf12a8d195b18ac288fcf401afb2f70b8a4b529ede5fa9fed",
      "233d10e0c959338e062b1c76fb81e17fcf61643da568eac372bb7feac8bfa357",
      "0e1ce4f11f4d51a7d3136abbd625315fff3876d322e46ad8401da96f8e43a614",
      "1a0ca5eecb1430479902264f04e557160a4666fb42bb8b283c6397e3d17ac937",
      "07a0377a94c889eeb1fdffabe543f3f32f741bb143abecd6cdbe2661558e5a60",
    ],
  },
  {
    "index": 28,
    "leaf": "27b1d0839a5b23baf12a8d195b18ac288fcf401afb2f70b8a4b529ede5fa9fed",
    "siblingPath": [
      "27b1d0839a5b23baf12a8d195b18ac288fcf401afb2f70b8a4b529ede5fa9fed",
      "233d10e0c959338e062b1c76fb81e17fcf61643da568eac372bb7feac8bfa357",
      "0e1ce4f11f4d51a7d3136abbd625315fff3876d322e46ad8401da96f8e43a614",
      "1a0ca5eecb1430479902264f04e557160a4666fb42bb8b283c6397e3d17ac937",
      "07a0377a94c889eeb1fdffabe543f3f32f741bb143abecd6cdbe2661558e5a60",
    ],
  },
  {
    "index": 29,
    "leaf": "27b1d0839a5b23baf12a8d195b18ac288fcf401afb2f70b8a4b529ede5fa9fed",
    "siblingPath": [
      "27b1d0839a5b23baf12a8d195b18ac288fcf401afb2f70b8a4b529ede5fa9fed",
      "233d10e0c959338e062b1c76fb81e17fcf61643da568eac372bb7feac8bfa357",
      "0e1ce4f11f4d51a7d3136abbd625315fff3876d322e46ad8401da96f8e43a614",
      "1a0ca5eecb1430479902264f04e557160a4666fb42bb8b283c6397e3d17ac937",
      "07a0377a94c889eeb1fdffabe543f3f32f741bb143abecd6cdbe2661558e5a60",
    ],
  },
  {
    "index": 30,
    "leaf": "27b1d0839a5b23baf12a8d195b18ac288fcf401afb2f70b8a4b529ede5fa9fed",
    "siblingPath": [
      "27b1d0839a5b23baf12a8d195b18ac288fcf401afb2f70b8a4b529ede5fa9fed",
      "233d10e0c959338e062b1c76fb81e17fcf61643da568eac372bb7feac8bfa357",
      "0e1ce4f11f4d51a7d3136abbd625315fff3876d322e46ad8401da96f8e43a614",
      "1a0ca5eecb1430479902264f04e557160a4666fb42bb8b283c6397e3d17ac937",
      "07a0377a94c889eeb1fdffabe543f3f32f741bb143abecd6cdbe2661558e5a60",
    ],
  },
  {
    "index": 31,
    "leaf": "27b1d0839a5b23baf12a8d195b18ac288fcf401afb2f70b8a4b529ede5fa9fed",
    "siblingPath": [
      "27b1d0839a5b23baf12a8d195b18ac288fcf401afb2f70b8a4b529ede5fa9fed",
      "233d10e0c959338e062b1c76fb81e17fcf61643da568eac372bb7feac8bfa357",
      "0e1ce4f11f4d51a7d3136abbd625315fff3876d322e46ad8401da96f8e43a614",
      "1a0ca5eecb1430479902264f04e557160a4666fb42bb8b283c6397e3d17ac937",
      "07a0377a94c889eeb1fdffabe543f3f32f741bb143abecd6cdbe2661558e5a60",
    ],
  },
]
`;
