// Jest Snapshot v1, https://goo.gl/fbAQLP

exports[`structs/base_rollup serializes and prints BaseRollupInputs 1`] = `
"kernel_data:
[ public_inputs: end:
aggregation_object:
P0: { 0x100, 0x101 }
P1: { 0x200, 0x201 }
public_inputs: [
 0x102
 0x103
 0x104
 0x105
]
proof_witness_indices: [ 106 107 108 109 10a 10b ]
has_data: 0

private_call_count: 0x10c
public_call_count: 0x10d
new_commitments:
[ 0x200 0x201 0x202 0x203 ]
new_nullifiers:
[ 0x300 0x301 0x302 0x303 ]
private_call_stack:
[ 0x400 0x401 0x402 0x403 0x404 0x405 0x406 0x407 ]
public_call_stack:
[ 0x500 0x501 0x502 0x503 0x504 0x505 0x506 0x507 ]
l1_msg_stack:
[ 0x600 0x601 0x602 0x603 ]
new_contracts:
[ contract_address: 0x700
portal_contract_address: 0x101010101010101010101010101010101010101
function_tree_root: 0x702
 ]
optionally_revealed_data:
[ call_stack_item_hash: 0x800
function_data:
function_selector: 801
is_private: 1
is_constructor: 1

emitted_events:
[ 0x900 0x901 0x902 0x903 ]
vk_hash: 0x802
portal_contract_address: 0x303030303030303030303030303030303030303
pay_fee_from_l1: 1
pay_fee_from_public_l2: 0
called_from_l1: 1
called_from_public_l2: 0
 call_stack_item_hash: 0x801
function_data:
function_selector: 802
is_private: 1
is_constructor: 1

emitted_events:
[ 0x901 0x902 0x903 0x904 ]
vk_hash: 0x803
portal_contract_address: 0x404040404040404040404040404040404040404
pay_fee_from_l1: 1
pay_fee_from_public_l2: 0
called_from_l1: 1
called_from_public_l2: 0
 call_stack_item_hash: 0x802
function_data:
function_selector: 803
is_private: 1
is_constructor: 1

emitted_events:
[ 0x902 0x903 0x904 0x905 ]
vk_hash: 0x804
portal_contract_address: 0x505050505050505050505050505050505050505
pay_fee_from_l1: 1
pay_fee_from_public_l2: 0
called_from_l1: 1
called_from_public_l2: 0
 call_stack_item_hash: 0x803
function_data:
function_selector: 804
is_private: 1
is_constructor: 1

emitted_events:
[ 0x903 0x904 0x905 0x906 ]
vk_hash: 0x805
portal_contract_address: 0x606060606060606060606060606060606060606
pay_fee_from_l1: 1
pay_fee_from_public_l2: 0
called_from_l1: 1
called_from_public_l2: 0
 ]
state_transitions:
[ leaf_index: 0x900
new_value: 0x901
 leaf_index: 0x901
new_value: 0x902
 leaf_index: 0x902
new_value: 0x903
 leaf_index: 0x903
new_value: 0x904
 ]

constants:
historic_tree_roots: private_historic_tree_roots: private_data_tree_root: 0x200
nullifier_tree_root: 0x201
contract_tree_root: 0x202
private_kernel_vk_tree_root: 0x203

public_data_tree_root: 0x204

tx_context: is_fee_payment_tx: 0
is_rebate_payment_tx: 0
is_contract_deployment_tx: 1
contract_deployment_data: 
constructor_vk_hash: 0x204
function_tree_root: 0x205
contract_address_salt: 0x206
portal_contract_address: 0x707070707070707070707070707070707070707


is_private: 1

proof: [ 80 80 80 80 80 80 80 80 80 80 80 80 80 80 80 80 ]
vk:
key.composer_type: 0
key.circuit_size: 65
key.num_public_inputs: 66
key.commitments: [
 A: { 0x200, 0x300 }
]
key.contains_recursive_proof: 1
key.recursive_proof_public_input_indices: [ 190 191 192 193 194 ]

vk_index: 42
vk_path: [ 0x1000 0x1001 0x1002 ]
 public_inputs: end:
aggregation_object:
P0: { 0x200, 0x201 }
P1: { 0x300, 0x301 }
public_inputs: [
 0x202
 0x203
 0x204
 0x205
]
proof_witness_indices: [ 206 207 208 209 20a 20b ]
has_data: 0

private_call_count: 0x20c
public_call_count: 0x20d
new_commitments:
[ 0x300 0x301 0x302 0x303 ]
new_nullifiers:
[ 0x400 0x401 0x402 0x403 ]
private_call_stack:
[ 0x500 0x501 0x502 0x503 0x504 0x505 0x506 0x507 ]
public_call_stack:
[ 0x600 0x601 0x602 0x603 0x604 0x605 0x606 0x607 ]
l1_msg_stack:
[ 0x700 0x701 0x702 0x703 ]
new_contracts:
[ contract_address: 0x800
portal_contract_address: 0x101010101010101010101010101010101010101
function_tree_root: 0x802
 ]
optionally_revealed_data:
[ call_stack_item_hash: 0x900
function_data:
function_selector: 901
is_private: 1
is_constructor: 1

emitted_events:
[ 0xa00 0xa01 0xa02 0xa03 ]
vk_hash: 0x902
portal_contract_address: 0x303030303030303030303030303030303030303
pay_fee_from_l1: 1
pay_fee_from_public_l2: 0
called_from_l1: 1
called_from_public_l2: 0
 call_stack_item_hash: 0x901
function_data:
function_selector: 902
is_private: 1
is_constructor: 1

emitted_events:
[ 0xa01 0xa02 0xa03 0xa04 ]
vk_hash: 0x903
portal_contract_address: 0x404040404040404040404040404040404040404
pay_fee_from_l1: 1
pay_fee_from_public_l2: 0
called_from_l1: 1
called_from_public_l2: 0
 call_stack_item_hash: 0x902
function_data:
function_selector: 903
is_private: 1
is_constructor: 1

emitted_events:
[ 0xa02 0xa03 0xa04 0xa05 ]
vk_hash: 0x904
portal_contract_address: 0x505050505050505050505050505050505050505
pay_fee_from_l1: 1
pay_fee_from_public_l2: 0
called_from_l1: 1
called_from_public_l2: 0
 call_stack_item_hash: 0x903
function_data:
function_selector: 904
is_private: 1
is_constructor: 1

emitted_events:
[ 0xa03 0xa04 0xa05 0xa06 ]
vk_hash: 0x905
portal_contract_address: 0x606060606060606060606060606060606060606
pay_fee_from_l1: 1
pay_fee_from_public_l2: 0
called_from_l1: 1
called_from_public_l2: 0
 ]
state_transitions:
[ leaf_index: 0xa00
new_value: 0xa01
 leaf_index: 0xa01
new_value: 0xa02
 leaf_index: 0xa02
new_value: 0xa03
 leaf_index: 0xa03
new_value: 0xa04
 ]

constants:
historic_tree_roots: private_historic_tree_roots: private_data_tree_root: 0x300
nullifier_tree_root: 0x301
contract_tree_root: 0x302
private_kernel_vk_tree_root: 0x303

public_data_tree_root: 0x304

tx_context: is_fee_payment_tx: 0
is_rebate_payment_tx: 0
is_contract_deployment_tx: 1
contract_deployment_data: 
constructor_vk_hash: 0x304
function_tree_root: 0x305
contract_address_salt: 0x306
portal_contract_address: 0x707070707070707070707070707070707070707


is_private: 1

proof: [ 80 80 80 80 80 80 80 80 80 80 80 80 80 80 80 80 ]
vk:
key.composer_type: 0
key.circuit_size: 65
key.num_public_inputs: 66
key.commitments: [
 A: { 0x200, 0x300 }
]
key.contains_recursive_proof: 1
key.recursive_proof_public_input_indices: [ 190 191 192 193 194 ]

vk_index: 42
vk_path: [ 0x1000 0x1001 0x1002 ]
 ]
start_private_data_tree_snapshot:
root: 0x100
next_available_leaf_index: 256

start_nullifier_tree_snapshot:
root: 0x200
next_available_leaf_index: 512

start_contract_tree_snapshot:
root: 0x300
next_available_leaf_index: 768

start_public_data_tree_snapshot:
root: 0x400
next_available_leaf_index: 1024

low_nullifier_leaf_preimages:
[ leaf_value: 0x1000
next_value: 0x1100
next_index: 1200
 leaf_value: 0x1001
next_value: 0x1101
next_index: 1201
 leaf_value: 0x1002
next_value: 0x1102
next_index: 1202
 leaf_value: 0x1003
next_value: 0x1103
next_index: 1203
 leaf_value: 0x1004
next_value: 0x1104
next_index: 1204
 leaf_value: 0x1005
next_value: 0x1105
next_index: 1205
 leaf_value: 0x1006
next_value: 0x1106
next_index: 1206
 leaf_value: 0x1007
next_value: 0x1107
next_index: 1207
 ]
low_nullifier_membership_witness:
[ leaf_index: 0x2000
sibling_path: [ 0x2000 0x2001 0x2002 0x2003 0x2004 0x2005 0x2006 0x2007 ]
 leaf_index: 0x2001
sibling_path: [ 0x2001 0x2002 0x2003 0x2004 0x2005 0x2006 0x2007 0x2008 ]
 leaf_index: 0x2002
sibling_path: [ 0x2002 0x2003 0x2004 0x2005 0x2006 0x2007 0x2008 0x2009 ]
 leaf_index: 0x2003
sibling_path: [ 0x2003 0x2004 0x2005 0x2006 0x2007 0x2008 0x2009 0x200a ]
 leaf_index: 0x2004
sibling_path: [ 0x2004 0x2005 0x2006 0x2007 0x2008 0x2009 0x200a 0x200b ]
 leaf_index: 0x2005
sibling_path: [ 0x2005 0x2006 0x2007 0x2008 0x2009 0x200a 0x200b 0x200c ]
 leaf_index: 0x2006
sibling_path: [ 0x2006 0x2007 0x2008 0x2009 0x200a 0x200b 0x200c 0x200d ]
 leaf_index: 0x2007
sibling_path: [ 0x2007 0x2008 0x2009 0x200a 0x200b 0x200c 0x200d 0x200e ]
 ]
new_commitments_subtree_sibling_path:
[ 0x3000 0x3001 0x3002 0x3003 0x3004 ]
new_nullifiers_subtree_sibling_path:
[ 0x4000 0x4001 0x4002 0x4003 0x4004 ]
new_contracts_subtree_sibling_path:
[ 0x5000 0x5001 0x5002 ]
new_state_transitions_sibling_paths:
[ leaf_index: 0x6000
sibling_path: [ 0x6000 0x6001 0x6002 0x6003 0x6004 0x6005 0x6006 0x6007 0x6008 0x6009 0x600a 0x600b 0x600c 0x600d 0x600e 0x600f 0x6010 0x6011 0x6012 0x6013 0x6014 0x6015 0x6016 0x6017 0x6018 0x6019 0x601a 0x601b 0x601c 0x601d 0x601e 0x601f 0x6020 0x6021 0x6022 0x6023 0x6024 0x6025 0x6026 0x6027 0x6028 0x6029 0x602a 0x602b 0x602c 0x602d 0x602e 0x602f 0x6030 0x6031 0x6032 0x6033 0x6034 0x6035 0x6036 0x6037 0x6038 0x6039 0x603a 0x603b 0x603c 0x603d 0x603e 0x603f 0x6040 0x6041 0x6042 0x6043 0x6044 0x6045 0x6046 0x6047 0x6048 0x6049 0x604a 0x604b 0x604c 0x604d 0x604e 0x604f 0x6050 0x6051 0x6052 0x6053 0x6054 0x6055 0x6056 0x6057 0x6058 0x6059 0x605a 0x605b 0x605c 0x605d 0x605e 0x605f 0x6060 0x6061 0x6062 0x6063 0x6064 0x6065 0x6066 0x6067 0x6068 0x6069 0x606a 0x606b 0x606c 0x606d 0x606e 0x606f 0x6070 0x6071 0x6072 0x6073 0x6074 0x6075 0x6076 0x6077 0x6078 0x6079 0x607a 0x607b 0x607c 0x607d 0x607e 0x607f 0x6080 0x6081 0x6082 0x6083 0x6084 0x6085 0x6086 0x6087 0x6088 0x6089 0x608a 0x608b 0x608c 0x608d 0x608e 0x608f 0x6090 0x6091 0x6092 0x6093 0x6094 0x6095 0x6096 0x6097 0x6098 0x6099 0x609a 0x609b 0x609c 0x609d 0x609e 0x609f 0x60a0 0x60a1 0x60a2 0x60a3 0x60a4 0x60a5 0x60a6 0x60a7 0x60a8 0x60a9 0x60aa 0x60ab 0x60ac 0x60ad 0x60ae 0x60af 0x60b0 0x60b1 0x60b2 0x60b3 0x60b4 0x60b5 0x60b6 0x60b7 0x60b8 0x60b9 0x60ba 0x60bb 0x60bc 0x60bd 0x60be 0x60bf 0x60c0 0x60c1 0x60c2 0x60c3 0x60c4 0x60c5 0x60c6 0x60c7 0x60c8 0x60c9 0x60ca 0x60cb 0x60cc 0x60cd 0x60ce 0x60cf 0x60d0 0x60d1 0x60d2 0x60d3 0x60d4 0x60d5 0x60d6 0x60d7 0x60d8 0x60d9 0x60da 0x60db 0x60dc 0x60dd 0x60de 0x60df 0x60e0 0x60e1 0x60e2 0x60e3 0x60e4 0x60e5 0x60e6 0x60e7 0x60e8 0x60e9 0x60ea 0x60eb 0x60ec 0x60ed 0x60ee 0x60ef 0x60f0 0x60f1 0x60f2 0x60f3 0x60f4 0x60f5 0x60f6 0x60f7 0x60f8 0x60f9 0x60fa 0x60fb 0x60fc 0x60fd ]
 leaf_index: 0x6001
sibling_path: [ 0x6001 0x6002 0x6003 0x6004 0x6005 0x6006 0x6007 0x6008 0x6009 0x600a 0x600b 0x600c 0x600d 0x600e 0x600f 0x6010 0x6011 0x6012 0x6013 0x6014 0x6015 0x6016 0x6017 0x6018 0x6019 0x601a 0x601b 0x601c 0x601d 0x601e 0x601f 0x6020 0x6021 0x6022 0x6023 0x6024 0x6025 0x6026 0x6027 0x6028 0x6029 0x602a 0x602b 0x602c 0x602d 0x602e 0x602f 0x6030 0x6031 0x6032 0x6033 0x6034 0x6035 0x6036 0x6037 0x6038 0x6039 0x603a 0x603b 0x603c 0x603d 0x603e 0x603f 0x6040 0x6041 0x6042 0x6043 0x6044 0x6045 0x6046 0x6047 0x6048 0x6049 0x604a 0x604b 0x604c 0x604d 0x604e 0x604f 0x6050 0x6051 0x6052 0x6053 0x6054 0x6055 0x6056 0x6057 0x6058 0x6059 0x605a 0x605b 0x605c 0x605d 0x605e 0x605f 0x6060 0x6061 0x6062 0x6063 0x6064 0x6065 0x6066 0x6067 0x6068 0x6069 0x606a 0x606b 0x606c 0x606d 0x606e 0x606f 0x6070 0x6071 0x6072 0x6073 0x6074 0x6075 0x6076 0x6077 0x6078 0x6079 0x607a 0x607b 0x607c 0x607d 0x607e 0x607f 0x6080 0x6081 0x6082 0x6083 0x6084 0x6085 0x6086 0x6087 0x6088 0x6089 0x608a 0x608b 0x608c 0x608d 0x608e 0x608f 0x6090 0x6091 0x6092 0x6093 0x6094 0x6095 0x6096 0x6097 0x6098 0x6099 0x609a 0x609b 0x609c 0x609d 0x609e 0x609f 0x60a0 0x60a1 0x60a2 0x60a3 0x60a4 0x60a5 0x60a6 0x60a7 0x60a8 0x60a9 0x60aa 0x60ab 0x60ac 0x60ad 0x60ae 0x60af 0x60b0 0x60b1 0x60b2 0x60b3 0x60b4 0x60b5 0x60b6 0x60b7 0x60b8 0x60b9 0x60ba 0x60bb 0x60bc 0x60bd 0x60be 0x60bf 0x60c0 0x60c1 0x60c2 0x60c3 0x60c4 0x60c5 0x60c6 0x60c7 0x60c8 0x60c9 0x60ca 0x60cb 0x60cc 0x60cd 0x60ce 0x60cf 0x60d0 0x60d1 0x60d2 0x60d3 0x60d4 0x60d5 0x60d6 0x60d7 0x60d8 0x60d9 0x60da 0x60db 0x60dc 0x60dd 0x60de 0x60df 0x60e0 0x60e1 0x60e2 0x60e3 0x60e4 0x60e5 0x60e6 0x60e7 0x60e8 0x60e9 0x60ea 0x60eb 0x60ec 0x60ed 0x60ee 0x60ef 0x60f0 0x60f1 0x60f2 0x60f3 0x60f4 0x60f5 0x60f6 0x60f7 0x60f8 0x60f9 0x60fa 0x60fb 0x60fc 0x60fd 0x60fe ]
 leaf_index: 0x6002
sibling_path: [ 0x6002 0x6003 0x6004 0x6005 0x6006 0x6007 0x6008 0x6009 0x600a 0x600b 0x600c 0x600d 0x600e 0x600f 0x6010 0x6011 0x6012 0x6013 0x6014 0x6015 0x6016 0x6017 0x6018 0x6019 0x601a 0x601b 0x601c 0x601d 0x601e 0x601f 0x6020 0x6021 0x6022 0x6023 0x6024 0x6025 0x6026 0x6027 0x6028 0x6029 0x602a 0x602b 0x602c 0x602d 0x602e 0x602f 0x6030 0x6031 0x6032 0x6033 0x6034 0x6035 0x6036 0x6037 0x6038 0x6039 0x603a 0x603b 0x603c 0x603d 0x603e 0x603f 0x6040 0x6041 0x6042 0x6043 0x6044 0x6045 0x6046 0x6047 0x6048 0x6049 0x604a 0x604b 0x604c 0x604d 0x604e 0x604f 0x6050 0x6051 0x6052 0x6053 0x6054 0x6055 0x6056 0x6057 0x6058 0x6059 0x605a 0x605b 0x605c 0x605d 0x605e 0x605f 0x6060 0x6061 0x6062 0x6063 0x6064 0x6065 0x6066 0x6067 0x6068 0x6069 0x606a 0x606b 0x606c 0x606d 0x606e 0x606f 0x6070 0x6071 0x6072 0x6073 0x6074 0x6075 0x6076 0x6077 0x6078 0x6079 0x607a 0x607b 0x607c 0x607d 0x607e 0x607f 0x6080 0x6081 0x6082 0x6083 0x6084 0x6085 0x6086 0x6087 0x6088 0x6089 0x608a 0x608b 0x608c 0x608d 0x608e 0x608f 0x6090 0x6091 0x6092 0x6093 0x6094 0x6095 0x6096 0x6097 0x6098 0x6099 0x609a 0x609b 0x609c 0x609d 0x609e 0x609f 0x60a0 0x60a1 0x60a2 0x60a3 0x60a4 0x60a5 0x60a6 0x60a7 0x60a8 0x60a9 0x60aa 0x60ab 0x60ac 0x60ad 0x60ae 0x60af 0x60b0 0x60b1 0x60b2 0x60b3 0x60b4 0x60b5 0x60b6 0x60b7 0x60b8 0x60b9 0x60ba 0x60bb 0x60bc 0x60bd 0x60be 0x60bf 0x60c0 0x60c1 0x60c2 0x60c3 0x60c4 0x60c5 0x60c6 0x60c7 0x60c8 0x60c9 0x60ca 0x60cb 0x60cc 0x60cd 0x60ce 0x60cf 0x60d0 0x60d1 0x60d2 0x60d3 0x60d4 0x60d5 0x60d6 0x60d7 0x60d8 0x60d9 0x60da 0x60db 0x60dc 0x60dd 0x60de 0x60df 0x60e0 0x60e1 0x60e2 0x60e3 0x60e4 0x60e5 0x60e6 0x60e7 0x60e8 0x60e9 0x60ea 0x60eb 0x60ec 0x60ed 0x60ee 0x60ef 0x60f0 0x60f1 0x60f2 0x60f3 0x60f4 0x60f5 0x60f6 0x60f7 0x60f8 0x60f9 0x60fa 0x60fb 0x60fc 0x60fd 0x60fe 0x60ff ]
 leaf_index: 0x6003
sibling_path: [ 0x6003 0x6004 0x6005 0x6006 0x6007 0x6008 0x6009 0x600a 0x600b 0x600c 0x600d 0x600e 0x600f 0x6010 0x6011 0x6012 0x6013 0x6014 0x6015 0x6016 0x6017 0x6018 0x6019 0x601a 0x601b 0x601c 0x601d 0x601e 0x601f 0x6020 0x6021 0x6022 0x6023 0x6024 0x6025 0x6026 0x6027 0x6028 0x6029 0x602a 0x602b 0x602c 0x602d 0x602e 0x602f 0x6030 0x6031 0x6032 0x6033 0x6034 0x6035 0x6036 0x6037 0x6038 0x6039 0x603a 0x603b 0x603c 0x603d 0x603e 0x603f 0x6040 0x6041 0x6042 0x6043 0x6044 0x6045 0x6046 0x6047 0x6048 0x6049 0x604a 0x604b 0x604c 0x604d 0x604e 0x604f 0x6050 0x6051 0x6052 0x6053 0x6054 0x6055 0x6056 0x6057 0x6058 0x6059 0x605a 0x605b 0x605c 0x605d 0x605e 0x605f 0x6060 0x6061 0x6062 0x6063 0x6064 0x6065 0x6066 0x6067 0x6068 0x6069 0x606a 0x606b 0x606c 0x606d 0x606e 0x606f 0x6070 0x6071 0x6072 0x6073 0x6074 0x6075 0x6076 0x6077 0x6078 0x6079 0x607a 0x607b 0x607c 0x607d 0x607e 0x607f 0x6080 0x6081 0x6082 0x6083 0x6084 0x6085 0x6086 0x6087 0x6088 0x6089 0x608a 0x608b 0x608c 0x608d 0x608e 0x608f 0x6090 0x6091 0x6092 0x6093 0x6094 0x6095 0x6096 0x6097 0x6098 0x6099 0x609a 0x609b 0x609c 0x609d 0x609e 0x609f 0x60a0 0x60a1 0x60a2 0x60a3 0x60a4 0x60a5 0x60a6 0x60a7 0x60a8 0x60a9 0x60aa 0x60ab 0x60ac 0x60ad 0x60ae 0x60af 0x60b0 0x60b1 0x60b2 0x60b3 0x60b4 0x60b5 0x60b6 0x60b7 0x60b8 0x60b9 0x60ba 0x60bb 0x60bc 0x60bd 0x60be 0x60bf 0x60c0 0x60c1 0x60c2 0x60c3 0x60c4 0x60c5 0x60c6 0x60c7 0x60c8 0x60c9 0x60ca 0x60cb 0x60cc 0x60cd 0x60ce 0x60cf 0x60d0 0x60d1 0x60d2 0x60d3 0x60d4 0x60d5 0x60d6 0x60d7 0x60d8 0x60d9 0x60da 0x60db 0x60dc 0x60dd 0x60de 0x60df 0x60e0 0x60e1 0x60e2 0x60e3 0x60e4 0x60e5 0x60e6 0x60e7 0x60e8 0x60e9 0x60ea 0x60eb 0x60ec 0x60ed 0x60ee 0x60ef 0x60f0 0x60f1 0x60f2 0x60f3 0x60f4 0x60f5 0x60f6 0x60f7 0x60f8 0x60f9 0x60fa 0x60fb 0x60fc 0x60fd 0x60fe 0x60ff 0x6100 ]
 leaf_index: 0x6004
sibling_path: [ 0x6004 0x6005 0x6006 0x6007 0x6008 0x6009 0x600a 0x600b 0x600c 0x600d 0x600e 0x600f 0x6010 0x6011 0x6012 0x6013 0x6014 0x6015 0x6016 0x6017 0x6018 0x6019 0x601a 0x601b 0x601c 0x601d 0x601e 0x601f 0x6020 0x6021 0x6022 0x6023 0x6024 0x6025 0x6026 0x6027 0x6028 0x6029 0x602a 0x602b 0x602c 0x602d 0x602e 0x602f 0x6030 0x6031 0x6032 0x6033 0x6034 0x6035 0x6036 0x6037 0x6038 0x6039 0x603a 0x603b 0x603c 0x603d 0x603e 0x603f 0x6040 0x6041 0x6042 0x6043 0x6044 0x6045 0x6046 0x6047 0x6048 0x6049 0x604a 0x604b 0x604c 0x604d 0x604e 0x604f 0x6050 0x6051 0x6052 0x6053 0x6054 0x6055 0x6056 0x6057 0x6058 0x6059 0x605a 0x605b 0x605c 0x605d 0x605e 0x605f 0x6060 0x6061 0x6062 0x6063 0x6064 0x6065 0x6066 0x6067 0x6068 0x6069 0x606a 0x606b 0x606c 0x606d 0x606e 0x606f 0x6070 0x6071 0x6072 0x6073 0x6074 0x6075 0x6076 0x6077 0x6078 0x6079 0x607a 0x607b 0x607c 0x607d 0x607e 0x607f 0x6080 0x6081 0x6082 0x6083 0x6084 0x6085 0x6086 0x6087 0x6088 0x6089 0x608a 0x608b 0x608c 0x608d 0x608e 0x608f 0x6090 0x6091 0x6092 0x6093 0x6094 0x6095 0x6096 0x6097 0x6098 0x6099 0x609a 0x609b 0x609c 0x609d 0x609e 0x609f 0x60a0 0x60a1 0x60a2 0x60a3 0x60a4 0x60a5 0x60a6 0x60a7 0x60a8 0x60a9 0x60aa 0x60ab 0x60ac 0x60ad 0x60ae 0x60af 0x60b0 0x60b1 0x60b2 0x60b3 0x60b4 0x60b5 0x60b6 0x60b7 0x60b8 0x60b9 0x60ba 0x60bb 0x60bc 0x60bd 0x60be 0x60bf 0x60c0 0x60c1 0x60c2 0x60c3 0x60c4 0x60c5 0x60c6 0x60c7 0x60c8 0x60c9 0x60ca 0x60cb 0x60cc 0x60cd 0x60ce 0x60cf 0x60d0 0x60d1 0x60d2 0x60d3 0x60d4 0x60d5 0x60d6 0x60d7 0x60d8 0x60d9 0x60da 0x60db 0x60dc 0x60dd 0x60de 0x60df 0x60e0 0x60e1 0x60e2 0x60e3 0x60e4 0x60e5 0x60e6 0x60e7 0x60e8 0x60e9 0x60ea 0x60eb 0x60ec 0x60ed 0x60ee 0x60ef 0x60f0 0x60f1 0x60f2 0x60f3 0x60f4 0x60f5 0x60f6 0x60f7 0x60f8 0x60f9 0x60fa 0x60fb 0x60fc 0x60fd 0x60fe 0x60ff 0x6100 0x6101 ]
 leaf_index: 0x6005
sibling_path: [ 0x6005 0x6006 0x6007 0x6008 0x6009 0x600a 0x600b 0x600c 0x600d 0x600e 0x600f 0x6010 0x6011 0x6012 0x6013 0x6014 0x6015 0x6016 0x6017 0x6018 0x6019 0x601a 0x601b 0x601c 0x601d 0x601e 0x601f 0x6020 0x6021 0x6022 0x6023 0x6024 0x6025 0x6026 0x6027 0x6028 0x6029 0x602a 0x602b 0x602c 0x602d 0x602e 0x602f 0x6030 0x6031 0x6032 0x6033 0x6034 0x6035 0x6036 0x6037 0x6038 0x6039 0x603a 0x603b 0x603c 0x603d 0x603e 0x603f 0x6040 0x6041 0x6042 0x6043 0x6044 0x6045 0x6046 0x6047 0x6048 0x6049 0x604a 0x604b 0x604c 0x604d 0x604e 0x604f 0x6050 0x6051 0x6052 0x6053 0x6054 0x6055 0x6056 0x6057 0x6058 0x6059 0x605a 0x605b 0x605c 0x605d 0x605e 0x605f 0x6060 0x6061 0x6062 0x6063 0x6064 0x6065 0x6066 0x6067 0x6068 0x6069 0x606a 0x606b 0x606c 0x606d 0x606e 0x606f 0x6070 0x6071 0x6072 0x6073 0x6074 0x6075 0x6076 0x6077 0x6078 0x6079 0x607a 0x607b 0x607c 0x607d 0x607e 0x607f 0x6080 0x6081 0x6082 0x6083 0x6084 0x6085 0x6086 0x6087 0x6088 0x6089 0x608a 0x608b 0x608c 0x608d 0x608e 0x608f 0x6090 0x6091 0x6092 0x6093 0x6094 0x6095 0x6096 0x6097 0x6098 0x6099 0x609a 0x609b 0x609c 0x609d 0x609e 0x609f 0x60a0 0x60a1 0x60a2 0x60a3 0x60a4 0x60a5 0x60a6 0x60a7 0x60a8 0x60a9 0x60aa 0x60ab 0x60ac 0x60ad 0x60ae 0x60af 0x60b0 0x60b1 0x60b2 0x60b3 0x60b4 0x60b5 0x60b6 0x60b7 0x60b8 0x60b9 0x60ba 0x60bb 0x60bc 0x60bd 0x60be 0x60bf 0x60c0 0x60c1 0x60c2 0x60c3 0x60c4 0x60c5 0x60c6 0x60c7 0x60c8 0x60c9 0x60ca 0x60cb 0x60cc 0x60cd 0x60ce 0x60cf 0x60d0 0x60d1 0x60d2 0x60d3 0x60d4 0x60d5 0x60d6 0x60d7 0x60d8 0x60d9 0x60da 0x60db 0x60dc 0x60dd 0x60de 0x60df 0x60e0 0x60e1 0x60e2 0x60e3 0x60e4 0x60e5 0x60e6 0x60e7 0x60e8 0x60e9 0x60ea 0x60eb 0x60ec 0x60ed 0x60ee 0x60ef 0x60f0 0x60f1 0x60f2 0x60f3 0x60f4 0x60f5 0x60f6 0x60f7 0x60f8 0x60f9 0x60fa 0x60fb 0x60fc 0x60fd 0x60fe 0x60ff 0x6100 0x6101 0x6102 ]
 leaf_index: 0x6006
sibling_path: [ 0x6006 0x6007 0x6008 0x6009 0x600a 0x600b 0x600c 0x600d 0x600e 0x600f 0x6010 0x6011 0x6012 0x6013 0x6014 0x6015 0x6016 0x6017 0x6018 0x6019 0x601a 0x601b 0x601c 0x601d 0x601e 0x601f 0x6020 0x6021 0x6022 0x6023 0x6024 0x6025 0x6026 0x6027 0x6028 0x6029 0x602a 0x602b 0x602c 0x602d 0x602e 0x602f 0x6030 0x6031 0x6032 0x6033 0x6034 0x6035 0x6036 0x6037 0x6038 0x6039 0x603a 0x603b 0x603c 0x603d 0x603e 0x603f 0x6040 0x6041 0x6042 0x6043 0x6044 0x6045 0x6046 0x6047 0x6048 0x6049 0x604a 0x604b 0x604c 0x604d 0x604e 0x604f 0x6050 0x6051 0x6052 0x6053 0x6054 0x6055 0x6056 0x6057 0x6058 0x6059 0x605a 0x605b 0x605c 0x605d 0x605e 0x605f 0x6060 0x6061 0x6062 0x6063 0x6064 0x6065 0x6066 0x6067 0x6068 0x6069 0x606a 0x606b 0x606c 0x606d 0x606e 0x606f 0x6070 0x6071 0x6072 0x6073 0x6074 0x6075 0x6076 0x6077 0x6078 0x6079 0x607a 0x607b 0x607c 0x607d 0x607e 0x607f 0x6080 0x6081 0x6082 0x6083 0x6084 0x6085 0x6086 0x6087 0x6088 0x6089 0x608a 0x608b 0x608c 0x608d 0x608e 0x608f 0x6090 0x6091 0x6092 0x6093 0x6094 0x6095 0x6096 0x6097 0x6098 0x6099 0x609a 0x609b 0x609c 0x609d 0x609e 0x609f 0x60a0 0x60a1 0x60a2 0x60a3 0x60a4 0x60a5 0x60a6 0x60a7 0x60a8 0x60a9 0x60aa 0x60ab 0x60ac 0x60ad 0x60ae 0x60af 0x60b0 0x60b1 0x60b2 0x60b3 0x60b4 0x60b5 0x60b6 0x60b7 0x60b8 0x60b9 0x60ba 0x60bb 0x60bc 0x60bd 0x60be 0x60bf 0x60c0 0x60c1 0x60c2 0x60c3 0x60c4 0x60c5 0x60c6 0x60c7 0x60c8 0x60c9 0x60ca 0x60cb 0x60cc 0x60cd 0x60ce 0x60cf 0x60d0 0x60d1 0x60d2 0x60d3 0x60d4 0x60d5 0x60d6 0x60d7 0x60d8 0x60d9 0x60da 0x60db 0x60dc 0x60dd 0x60de 0x60df 0x60e0 0x60e1 0x60e2 0x60e3 0x60e4 0x60e5 0x60e6 0x60e7 0x60e8 0x60e9 0x60ea 0x60eb 0x60ec 0x60ed 0x60ee 0x60ef 0x60f0 0x60f1 0x60f2 0x60f3 0x60f4 0x60f5 0x60f6 0x60f7 0x60f8 0x60f9 0x60fa 0x60fb 0x60fc 0x60fd 0x60fe 0x60ff 0x6100 0x6101 0x6102 0x6103 ]
 leaf_index: 0x6007
sibling_path: [ 0x6007 0x6008 0x6009 0x600a 0x600b 0x600c 0x600d 0x600e 0x600f 0x6010 0x6011 0x6012 0x6013 0x6014 0x6015 0x6016 0x6017 0x6018 0x6019 0x601a 0x601b 0x601c 0x601d 0x601e 0x601f 0x6020 0x6021 0x6022 0x6023 0x6024 0x6025 0x6026 0x6027 0x6028 0x6029 0x602a 0x602b 0x602c 0x602d 0x602e 0x602f 0x6030 0x6031 0x6032 0x6033 0x6034 0x6035 0x6036 0x6037 0x6038 0x6039 0x603a 0x603b 0x603c 0x603d 0x603e 0x603f 0x6040 0x6041 0x6042 0x6043 0x6044 0x6045 0x6046 0x6047 0x6048 0x6049 0x604a 0x604b 0x604c 0x604d 0x604e 0x604f 0x6050 0x6051 0x6052 0x6053 0x6054 0x6055 0x6056 0x6057 0x6058 0x6059 0x605a 0x605b 0x605c 0x605d 0x605e 0x605f 0x6060 0x6061 0x6062 0x6063 0x6064 0x6065 0x6066 0x6067 0x6068 0x6069 0x606a 0x606b 0x606c 0x606d 0x606e 0x606f 0x6070 0x6071 0x6072 0x6073 0x6074 0x6075 0x6076 0x6077 0x6078 0x6079 0x607a 0x607b 0x607c 0x607d 0x607e 0x607f 0x6080 0x6081 0x6082 0x6083 0x6084 0x6085 0x6086 0x6087 0x6088 0x6089 0x608a 0x608b 0x608c 0x608d 0x608e 0x608f 0x6090 0x6091 0x6092 0x6093 0x6094 0x6095 0x6096 0x6097 0x6098 0x6099 0x609a 0x609b 0x609c 0x609d 0x609e 0x609f 0x60a0 0x60a1 0x60a2 0x60a3 0x60a4 0x60a5 0x60a6 0x60a7 0x60a8 0x60a9 0x60aa 0x60ab 0x60ac 0x60ad 0x60ae 0x60af 0x60b0 0x60b1 0x60b2 0x60b3 0x60b4 0x60b5 0x60b6 0x60b7 0x60b8 0x60b9 0x60ba 0x60bb 0x60bc 0x60bd 0x60be 0x60bf 0x60c0 0x60c1 0x60c2 0x60c3 0x60c4 0x60c5 0x60c6 0x60c7 0x60c8 0x60c9 0x60ca 0x60cb 0x60cc 0x60cd 0x60ce 0x60cf 0x60d0 0x60d1 0x60d2 0x60d3 0x60d4 0x60d5 0x60d6 0x60d7 0x60d8 0x60d9 0x60da 0x60db 0x60dc 0x60dd 0x60de 0x60df 0x60e0 0x60e1 0x60e2 0x60e3 0x60e4 0x60e5 0x60e6 0x60e7 0x60e8 0x60e9 0x60ea 0x60eb 0x60ec 0x60ed 0x60ee 0x60ef 0x60f0 0x60f1 0x60f2 0x60f3 0x60f4 0x60f5 0x60f6 0x60f7 0x60f8 0x60f9 0x60fa 0x60fb 0x60fc 0x60fd 0x60fe 0x60ff 0x6100 0x6101 0x6102 0x6103 0x6104 ]
 ]
historic_private_data_tree_root_membership_witnesses:
[ leaf_index: 0x6000
sibling_path: [ 0x6000 0x6001 0x6002 0x6003 0x6004 0x6005 0x6006 0x6007 ]
 leaf_index: 0x7000
sibling_path: [ 0x7000 0x7001 0x7002 0x7003 0x7004 0x7005 0x7006 0x7007 ]
 ]
historic_contract_tree_root_membership_witnesses:
[ leaf_index: 0x8000
sibling_path: [ 0x8000 0x8001 0x8002 0x8003 0x8004 0x8005 0x8006 0x8007 ]
 leaf_index: 0x9000
sibling_path: [ 0x9000 0x9001 0x9002 0x9003 0x9004 0x9005 0x9006 0x9007 ]
 ]
constants:
start_tree_of_historic_private_data_tree_roots_snapshot:
 root: 0x100
next_available_leaf_index: 256

start_tree_of_historic_contract_tree_roots_snapshot:
root: 0x200
next_available_leaf_index: 512

tree_of_historic_l1_to_l2_msg_tree_roots_snapshot:
root: 0x300
next_available_leaf_index: 768

private_kernel_vk_tree_root: 0x401
public_kernel_vk_tree_root: 0x402
base_rollup_vk_hash: 0x403
merge_rollup_vk_hash: 0x404

"
`;

exports[`structs/base_rollup serializes and prints BaseRollupPublicInputs 1`] = `
"rollup_type:
0
rollup_subtree_height:
0x0
end_aggregation_object:
P0: { 0x100, 0x101 }
P1: { 0x200, 0x201 }
public_inputs: [
 0x102
 0x103
 0x104
 0x105
]
proof_witness_indices: [ 262 263 264 265 266 267 ]
has_data: 0

constants:
start_tree_of_historic_private_data_tree_roots_snapshot:
 root: 0x200
next_available_leaf_index: 512

start_tree_of_historic_contract_tree_roots_snapshot:
root: 0x300
next_available_leaf_index: 768

tree_of_historic_l1_to_l2_msg_tree_roots_snapshot:
root: 0x400
next_available_leaf_index: 1024

private_kernel_vk_tree_root: 0x501
public_kernel_vk_tree_root: 0x502
base_rollup_vk_hash: 0x503
merge_rollup_vk_hash: 0x504

start_private_data_tree_snapshot:
root: 0x300
next_available_leaf_index: 768

end_private_data_tree_snapshot:
root: 0x300
next_available_leaf_index: 768

start_nullifier_tree_snapshot:
root: 0x500
next_available_leaf_index: 1280

end_nullifier_tree_snapshot:
root: 0x600
next_available_leaf_index: 1536

start_contract_tree_snapshot:
root: 0x700
next_available_leaf_index: 1792

end_contract_tree_snapshot:
root: 0x800
next_available_leaf_index: 2048

start_public_data_tree_snapshot:
root: 0x900
next_available_leaf_index: 2304

end_public_data_tree_snapshot:
root: 0x1000
next_available_leaf_index: 4096

calldata_hash: [ 0x901 0x902 ]
"
`;
