// Jest Snapshot v1, https://goo.gl/fbAQLP

exports[`Noir compatibility tests (interop_testing.nr) Complete Address matches Noir 1`] = `"0x1a6e89b034478713c7a9f1c77fb80af995f708f6f208bf352b4dda2124739109"`;

exports[`Noir compatibility tests (interop_testing.nr) Complete Address matches Noir 2`] = `
Point {
  "kind": "point",
  "x": Fr {
    "value": 1n,
  },
  "y": Fr {
    "value": 2n,
  },
}
`;

exports[`Noir compatibility tests (interop_testing.nr) Complete Address matches Noir 3`] = `"0x197673f31940878b2d6c681223dbed9cfacd2f722cbe30155225b2ada17778db"`;

exports[`Noir compatibility tests (interop_testing.nr) ComputeContractAddressFromPartial matches Noir 1`] = `"0x0b487ff2900ae1178e131bfe333fdbc351beef658f7c0d62db2801429b1aab75"`;

exports[`Noir compatibility tests (interop_testing.nr) Function leaf matches noir 1`] = `"0x1ad8ece7f40e63d011ae47c6ce6cdaf31d632a23f5cf35bbeaaf69c8302afdbc"`;

exports[`Noir compatibility tests (interop_testing.nr) TxRequest Hash matches Noir 1`] = `"0x0b487ff2900ae1178e131bfe333fdbc351beef658f7c0d62db2801429b1aab75"`;
